#
# There is insufficient memory for the Java Runtime Environment to continue.
# Native memory allocation (malloc) failed to allocate 1048576 bytes. Error detail: AllocateHeap
# Possible reasons:
#   The system is out of physical RAM or swap space
#   This process is running with CompressedOops enabled, and the Java Heap may be blocking the growth of the native heap
# Possible solutions:
#   Reduce memory load on the system
#   Increase physical memory or swap space
#   Check if swap backing store is full
#   Decrease Java heap size (-Xmx/-Xms)
#   Decrease number of Java threads
#   Decrease Java thread stack sizes (-Xss)
#   Set larger code cache with -XX:ReservedCodeCacheSize=
#   JVM is running with Unscaled Compressed Oops mode in which the Java heap is
#     placed in the first 4GB address space. The Java Heap base address is the
#     maximum limit for the native heap growth. Please use -XX:HeapBaseMinAddress
#     to set the Java Heap base and to place the Java Heap above 4GB virtual address.
# This output file may be truncated or incomplete.
#
#  Out of Memory Error (allocation.cpp:44), pid=28156, tid=28044
#
# JRE version: OpenJDK Runtime Environment Temurin-21.0.9+10 (21.0.9+10) (build 21.0.9+10-LTS)
# Java VM: OpenJDK 64-Bit Server VM Temurin-21.0.9+10 (21.0.9+10-LTS, mixed mode, sharing, tiered, compressed oops, compressed class ptrs, parallel gc, windows-amd64)
# No core dump will be written. Minidumps are not enabled by default on client versions of Windows
#

---------------  S U M M A R Y ------------

Command Line: --add-modules=ALL-SYSTEM --add-opens=java.base/java.util=ALL-UNNAMED --add-opens=java.base/java.lang=ALL-UNNAMED --add-opens=java.base/sun.nio.fs=ALL-UNNAMED -Declipse.application=org.eclipse.jdt.ls.core.id1 -Dosgi.bundles.defaultStartLevel=4 -Declipse.product=org.eclipse.jdt.ls.core.product -Djava.import.generatesMetadataFilesAtProjectRoot=false -DDetectVMInstallationsJob.disabled=true -Dfile.encoding=utf8 -XX:+UseParallelGC -XX:GCTimeRatio=4 -XX:AdaptiveSizePolicyWeight=90 -Dsun.zip.disableMemoryMapping=true -Xmx2G -Xms100m -Xlog:disable -javaagent:c:\Users\User\.vscode\extensions\redhat.java-1.51.0-win32-x64\lombok\lombok-1.18.39-4050.jar -XX:+HeapDumpOnOutOfMemoryError -XX:HeapDumpPath=c:\Users\User\AppData\Roaming\Code\User\workspaceStorage\28a83bfb09dcc60516987655fec6d5e9\redhat.java -Daether.dependencyCollector.impl=bf c:\Users\User\.vscode\extensions\redhat.java-1.51.0-win32-x64\server\plugins\org.eclipse.equinox.launcher_1.7.100.v20251111-0406.jar -configuration c:\Users\User\AppData\Roaming\Code\User\globalStorage\redhat.java\1.51.0\config_win -data c:\Users\User\AppData\Roaming\Code\User\workspaceStorage\28a83bfb09dcc60516987655fec6d5e9\redhat.java\jdt_ws --pipe=\\.\pipe\lsp-cc66c89c9fdb8bb0619c4a236f79aec9-sock

Host: 13th Gen Intel(R) Core(TM) i5-13450HX, 16 cores, 7G,  Windows 11 , 64 bit Build 26100 (10.0.26100.6725)
Time: Sun Jan 25 20:50:00 2026 Hora oficial do Brasil elapsed time: 2408.030565 seconds (0d 0h 40m 8s)

---------------  T H R E A D  ---------------

Current thread (0x0000026bf544de30):  JavaThread "Attach Listener" daemon [_thread_in_vm, id=28044, stack(0x000000bc22200000,0x000000bc22300000) (1024K)]

Stack: [0x000000bc22200000,0x000000bc22300000]
Native frames: (J=compiled Java code, j=interpreted, Vv=VM code, C=native code)
V  [jvm.dll+0x6d6e29]
V  [jvm.dll+0x8b4b76]
V  [jvm.dll+0x8b712e]
V  [jvm.dll+0x8b7813]
V  [jvm.dll+0x283d86]
V  [jvm.dll+0xc1277]
V  [jvm.dll+0x6d76d9]
V  [jvm.dll+0x133466]
V  [jvm.dll+0x3f7ea6]
V  [jvm.dll+0x85e9ad]
V  [jvm.dll+0x6d565d]
C  [ucrtbase.dll+0x37b0]
C  [KERNEL32.DLL+0x2e8d7]
C  [ntdll.dll+0x8c53c]


---------------  P R O C E S S  ---------------

Threads class SMR info:
_java_thread_list=0x0000026bff7a2d00, length=50, elements={
0x0000026bdd4bc090, 0x0000026bf5443fd0, 0x0000026bf5444890, 0x0000026bf544d030,
0x0000026bf544de30, 0x0000026bf544fde0, 0x0000026bf54542e0, 0x0000026bf547da90,
0x0000026bf547fb30, 0x0000026bf56c1d80, 0x0000026bfb03cc20, 0x0000026bfb37ef00,
0x0000026bfb97d060, 0x0000026bfb113150, 0x0000026bfb116fb0, 0x0000026bfc57ede0,
0x0000026bfbd83af0, 0x0000026bfc1bb420, 0x0000026bfc144f90, 0x0000026bfc13c920,
0x0000026bfc13aee0, 0x0000026bfc13b570, 0x0000026bfc13d640, 0x0000026bfc13dcd0,
0x0000026bfdcbcb80, 0x0000026bfdcbdf30, 0x0000026bfdcbbe60, 0x0000026bfdcbc4f0,
0x0000026bfdcbe5c0, 0x0000026bfdcbb140, 0x0000026bfdcbd8a0, 0x0000026bfdcbd210,
0x0000026bfdcbec50, 0x0000026bfdcbb7d0, 0x0000026bfdcc1a40, 0x0000026bfdcc13b0,
0x0000026bfdcc0000, 0x0000026bfdcc2760, 0x0000026bfdcc0d20, 0x0000026bfdcbf2e0,
0x0000026bfe3f2280, 0x0000026bfbd81010, 0x0000026bfb6613b0, 0x0000026bfb660690,
0x0000026bfb664ec0, 0x0000026bd05327c0, 0x0000026bd0532130, 0x0000026bd05334e0,
0x0000026bd052f9d0, 0x0000026bd05306f0
}

Java Threads: ( => current thread )
  0x0000026bdd4bc090 JavaThread "main"                              [_thread_blocked, id=28420, stack(0x000000bc21b00000,0x000000bc21c00000) (1024K)]
  0x0000026bf5443fd0 JavaThread "Reference Handler"          daemon [_thread_blocked, id=27172, stack(0x000000bc21f00000,0x000000bc22000000) (1024K)]
  0x0000026bf5444890 JavaThread "Finalizer"                  daemon [_thread_blocked, id=28588, stack(0x000000bc22000000,0x000000bc22100000) (1024K)]
  0x0000026bf544d030 JavaThread "Signal Dispatcher"          daemon [_thread_blocked, id=27608, stack(0x000000bc22100000,0x000000bc22200000) (1024K)]
=>0x0000026bf544de30 JavaThread "Attach Listener"            daemon [_thread_in_vm, id=28044, stack(0x000000bc22200000,0x000000bc22300000) (1024K)]
  0x0000026bf544fde0 JavaThread "Service Thread"             daemon [_thread_blocked, id=28472, stack(0x000000bc22300000,0x000000bc22400000) (1024K)]
  0x0000026bf54542e0 JavaThread "Monitor Deflation Thread"   daemon [_thread_blocked, id=28512, stack(0x000000bc22400000,0x000000bc22500000) (1024K)]
  0x0000026bf547da90 JavaThread "C2 CompilerThread0"         daemon [_thread_blocked, id=28464, stack(0x000000bc22500000,0x000000bc22600000) (1024K)]
  0x0000026bf547fb30 JavaThread "C1 CompilerThread0"         daemon [_thread_blocked, id=28276, stack(0x000000bc22600000,0x000000bc22700000) (1024K)]
  0x0000026bf56c1d80 JavaThread "Common-Cleaner"             daemon [_thread_blocked, id=28120, stack(0x000000bc22900000,0x000000bc22a00000) (1024K)]
  0x0000026bfb03cc20 JavaThread "Notification Thread"        daemon [_thread_blocked, id=28616, stack(0x000000bc22a00000,0x000000bc22b00000) (1024K)]
  0x0000026bfb37ef00 JavaThread "Active Thread: Equinox Container: 67a3d87d-dc84-4e64-a71a-ace42ad4bc83"        [_thread_blocked, id=26232, stack(0x000000bc23200000,0x000000bc23300000) (1024K)]
  0x0000026bfb97d060 JavaThread "Refresh Thread: Equinox Container: 67a3d87d-dc84-4e64-a71a-ace42ad4bc83" daemon [_thread_blocked, id=19536, stack(0x000000bc22700000,0x000000bc22800000) (1024K)]
  0x0000026bfb113150 JavaThread "Framework Event Dispatcher: Equinox Container: 67a3d87d-dc84-4e64-a71a-ace42ad4bc83" daemon [_thread_blocked, id=20652, stack(0x000000bc22800000,0x000000bc22900000) (1024K)]
  0x0000026bfb116fb0 JavaThread "Start Level: Equinox Container: 67a3d87d-dc84-4e64-a71a-ace42ad4bc83" daemon [_thread_blocked, id=27400, stack(0x000000bc22b00000,0x000000bc22c00000) (1024K)]
  0x0000026bfc57ede0 JavaThread "Bundle File Closer"         daemon [_thread_blocked, id=27524, stack(0x000000bc23c00000,0x000000bc23d00000) (1024K)]
  0x0000026bfbd83af0 JavaThread "SCR Component Actor"        daemon [_thread_blocked, id=18760, stack(0x000000bc23500000,0x000000bc23600000) (1024K)]
  0x0000026bfc1bb420 JavaThread "Worker-JM"                         [_thread_blocked, id=18220, stack(0x000000bc23b00000,0x000000bc23c00000) (1024K)]
  0x0000026bfc144f90 JavaThread "JNA Cleaner"                daemon [_thread_blocked, id=10976, stack(0x000000bc23e00000,0x000000bc23f00000) (1024K)]
  0x0000026bfc13c920 JavaThread "Java indexing"              daemon [_thread_blocked, id=3276, stack(0x000000bc24100000,0x000000bc24200000) (1024K)]
  0x0000026bfc13aee0 JavaThread "Thread-1"                   daemon [_thread_in_native, id=28356, stack(0x000000bc24800000,0x000000bc24900000) (1024K)]
  0x0000026bfc13b570 JavaThread "Thread-2"                   daemon [_thread_in_native, id=27544, stack(0x000000bc24900000,0x000000bc24a00000) (1024K)]
  0x0000026bfc13d640 JavaThread "Thread-3"                   daemon [_thread_in_native, id=26712, stack(0x000000bc24a00000,0x000000bc24b00000) (1024K)]
  0x0000026bfc13dcd0 JavaThread "Thread-4"                   daemon [_thread_in_native, id=28084, stack(0x000000bc24b00000,0x000000bc24c00000) (1024K)]
  0x0000026bfdcbcb80 JavaThread "Thread-5"                   daemon [_thread_in_native, id=5636, stack(0x000000bc24c00000,0x000000bc24d00000) (1024K)]
  0x0000026bfdcbdf30 JavaThread "Thread-6"                   daemon [_thread_in_native, id=4848, stack(0x000000bc24d00000,0x000000bc24e00000) (1024K)]
  0x0000026bfdcbbe60 JavaThread "Thread-7"                   daemon [_thread_in_native, id=27196, stack(0x000000bc24e00000,0x000000bc24f00000) (1024K)]
  0x0000026bfdcbc4f0 JavaThread "Thread-8"                   daemon [_thread_in_native, id=25412, stack(0x000000bc24f00000,0x000000bc25000000) (1024K)]
  0x0000026bfdcbe5c0 JavaThread "Thread-9"                   daemon [_thread_in_native, id=2188, stack(0x000000bc25000000,0x000000bc25100000) (1024K)]
  0x0000026bfdcbb140 JavaThread "Thread-10"                  daemon [_thread_in_native, id=27792, stack(0x000000bc25100000,0x000000bc25200000) (1024K)]
  0x0000026bfdcbd8a0 JavaThread "Thread-11"                  daemon [_thread_in_native, id=10684, stack(0x000000bc25200000,0x000000bc25300000) (1024K)]
  0x0000026bfdcbd210 JavaThread "Thread-12"                  daemon [_thread_in_native, id=16168, stack(0x000000bc25300000,0x000000bc25400000) (1024K)]
  0x0000026bfdcbec50 JavaThread "Thread-13"                  daemon [_thread_in_native, id=5824, stack(0x000000bc25400000,0x000000bc25500000) (1024K)]
  0x0000026bfdcbb7d0 JavaThread "Thread-14"                  daemon [_thread_in_native, id=2300, stack(0x000000bc25500000,0x000000bc25600000) (1024K)]
  0x0000026bfdcc1a40 JavaThread "Thread-15"                  daemon [_thread_in_native, id=19256, stack(0x000000bc25600000,0x000000bc25700000) (1024K)]
  0x0000026bfdcc13b0 JavaThread "Thread-16"                  daemon [_thread_in_native, id=18040, stack(0x000000bc25700000,0x000000bc25800000) (1024K)]
  0x0000026bfdcc0000 JavaThread "Thread-17"                  daemon [_thread_in_native, id=17404, stack(0x000000bc25800000,0x000000bc25900000) (1024K)]
  0x0000026bfdcc2760 JavaThread "pool-2-thread-1"                   [_thread_blocked, id=3132, stack(0x000000bc25900000,0x000000bc25a00000) (1024K)]
  0x0000026bfdcc0d20 JavaThread "WorkspaceEventsHandler"            [_thread_blocked, id=22428, stack(0x000000bc25a00000,0x000000bc25b00000) (1024K)]
  0x0000026bfdcbf2e0 JavaThread "pool-1-thread-1"                   [_thread_blocked, id=17244, stack(0x000000bc25b00000,0x000000bc25c00000) (1024K)]
  0x0000026bfe3f2280 JavaThread "ForkJoinPool.commonPool-worker-7" daemon [_thread_blocked, id=3444, stack(0x000000bc26600000,0x000000bc26700000) (1024K)]
  0x0000026bfbd81010 JavaThread "Cleaner-0"                  daemon [_thread_blocked, id=16392, stack(0x000000bc29000000,0x000000bc29100000) (1024K)]
  0x0000026bfb6613b0 JavaThread "ForkJoinPool.commonPool-worker-22" daemon [_thread_blocked, id=12072, stack(0x000000bc25c00000,0x000000bc25d00000) (1024K)]
  0x0000026bfb660690 JavaThread "ForkJoinPool.commonPool-worker-21" daemon [_thread_blocked, id=17232, stack(0x000000bc25d00000,0x000000bc25e00000) (1024K)]
  0x0000026bfb664ec0 JavaThread "Worker-32"                         [_thread_blocked, id=24160, stack(0x000000bc26200000,0x000000bc26300000) (1024K)]
  0x0000026bd05327c0 JavaThread "Worker-39"                         [_thread_blocked, id=19136, stack(0x000000bc21900000,0x000000bc21a00000) (1024K)]
  0x0000026bd0532130 JavaThread "ForkJoinPool.commonPool-worker-26" daemon [_thread_blocked, id=7812, stack(0x000000bc23d00000,0x000000bc23e00000) (1024K)]
  0x0000026bd05334e0 JavaThread "ForkJoinPool.commonPool-worker-28" daemon [_thread_blocked, id=12976, stack(0x000000bc25e00000,0x000000bc25f00000) (1024K)]
  0x0000026bd052f9d0 JavaThread "Worker-41"                         [_thread_blocked, id=12628, stack(0x000000bc21800000,0x000000bc21900000) (1024K)]
  0x0000026bd05306f0 JavaThread "Worker-42"                         [_thread_blocked, id=29828, stack(0x000000bc23400000,0x000000bc23500000) (1024K)]
Total: 50

Other Threads:
  0x0000026bf54432d0 VMThread "VM Thread"                           [id=28556, stack(0x000000bc21e00000,0x000000bc21f00000) (1024K)]
  0x0000026bdd34ca00 WatcherThread "VM Periodic Task Thread"        [id=28504, stack(0x000000bc21d00000,0x000000bc21e00000) (1024K)]
  0x0000026bdd4da6f0 WorkerThread "GC Thread#0"                     [id=28636, stack(0x000000bc21c00000,0x000000bc21d00000) (1024K)]
  0x0000026bfb6bee20 WorkerThread "GC Thread#1"                     [id=28400, stack(0x000000bc22c00000,0x000000bc22d00000) (1024K)]
  0x0000026bfb470c80 WorkerThread "GC Thread#2"                     [id=17020, stack(0x000000bc22d00000,0x000000bc22e00000) (1024K)]
  0x0000026bfb21cb30 WorkerThread "GC Thread#3"                     [id=28544, stack(0x000000bc22e00000,0x000000bc22f00000) (1024K)]
  0x0000026bfb21ced0 WorkerThread "GC Thread#4"                     [id=28668, stack(0x000000bc22f00000,0x000000bc23000000) (1024K)]
  0x0000026bfb21d270 WorkerThread "GC Thread#5"                     [id=28664, stack(0x000000bc23000000,0x000000bc23100000) (1024K)]
  0x0000026bfb535550 WorkerThread "GC Thread#6"                     [id=28424, stack(0x000000bc23100000,0x000000bc23200000) (1024K)]
  0x0000026bfb902310 WorkerThread "GC Thread#7"                     [id=3028, stack(0x000000bc23300000,0x000000bc23400000) (1024K)]
  0x0000026bfb902a50 WorkerThread "GC Thread#8"                     [id=7828, stack(0x000000bc23600000,0x000000bc23700000) (1024K)]
  0x0000026bfb902df0 WorkerThread "GC Thread#9"                     [id=6292, stack(0x000000bc23700000,0x000000bc23800000) (1024K)]
  0x0000026bfb903190 WorkerThread "GC Thread#10"                    [id=26480, stack(0x000000bc23800000,0x000000bc23900000) (1024K)]
  0x0000026bfb903530 WorkerThread "GC Thread#11"                    [id=24140, stack(0x000000bc23900000,0x000000bc23a00000) (1024K)]
  0x0000026bfb9038d0 WorkerThread "GC Thread#12"                    [id=7220, stack(0x000000bc23a00000,0x000000bc23b00000) (1024K)]
Total: 15

Threads with active compile tasks:
Total: 0

VM state: not at safepoint (normal execution)

VM Mutex/Monitor currently owned by a thread: None

Heap address: 0x0000000080000000, size: 2048 MB, Compressed Oops mode: 32-bit

CDS archive(s) mapped at: [0x0000026b80000000-0x0000026b80ba0000-0x0000026b80ba0000), size 12189696, SharedBaseAddress: 0x0000026b80000000, ArchiveRelocationMode: 1.
Compressed class space mapped at: 0x0000026b81000000-0x0000026bc1000000, reserved size: 1073741824
Narrow klass base: 0x0000026b80000000, Narrow klass shift: 0, Narrow klass range: 0x100000000

GC Precious Log:
 CardTable entry size: 512
 CPUs: 16 total, 16 available
 Memory: 7876M
 Large Page Support: Disabled
 NUMA Support: Disabled
 Compressed Oops: Enabled (32-bit)
 Alignments: Space 512K, Generation 512K, Heap 2M
 Heap Min Capacity: 100M
 Heap Initial Capacity: 100M
 Heap Max Capacity: 2G
 Pre-touch: Disabled
 Parallel Workers: 13

Heap:
 PSYoungGen      total 5632K, used 5418K [0x00000000d5580000, 0x00000000d5c00000, 0x0000000100000000)
  eden space 5120K, 96% used [0x00000000d5580000,0x00000000d5a529c8,0x00000000d5a80000)
  from space 512K, 93% used [0x00000000d5b00000,0x00000000d5b78000,0x00000000d5b80000)
  to   space 512K, 0% used [0x00000000d5b80000,0x00000000d5b80000,0x00000000d5c00000)
 ParOldGen       total 501760K, used 501612K [0x0000000080000000, 0x000000009ea00000, 0x00000000d5580000)
  object space 501760K, 99% used [0x0000000080000000,0x000000009e9db170,0x000000009ea00000)
 Metaspace       used 104104K, committed 106112K, reserved 1179648K
  class space    used 10519K, committed 11456K, reserved 1048576K

Card table byte_map: [0x0000026bdce60000,0x0000026bdd270000] _byte_map_base: 0x0000026bdca60000

Marking Bits: (ParMarkBitMap*) 0x00007fff7e682460
 Begin Bits: [0x0000026bef970000, 0x0000026bf1970000)
 End Bits:   [0x0000026bf1970000, 0x0000026bf3970000)

Polling page: 0x0000026bdb2a0000

Metaspace:

Usage:
  Non-class:     91.39 MB used.
      Class:     10.27 MB used.
       Both:    101.66 MB used.

Virtual space:
  Non-class space:      128.00 MB reserved,      92.44 MB ( 72%) committed,  2 nodes.
      Class space:        1.00 GB reserved,      11.19 MB (  1%) committed,  1 nodes.
             Both:        1.12 GB reserved,     103.62 MB (  9%) committed. 

Chunk freelists:
   Non-Class:  2.78 MB
       Class:  4.83 MB
        Both:  7.61 MB

MaxMetaspaceSize: unlimited
CompressedClassSpaceSize: 1.00 GB
Initial GC threshold: 21.00 MB
Current GC threshold: 169.19 MB
CDS: on
 - commit_granule_bytes: 65536.
 - commit_granule_words: 8192.
 - virtual_space_node_default_size: 8388608.
 - enlarge_chunks_in_place: 1.
 - use_allocation_guard: 0.


Internal statistics:

num_allocs_failed_limit: 9.
num_arena_births: 1956.
num_arena_deaths: 30.
num_vsnodes_births: 3.
num_vsnodes_deaths: 0.
num_space_committed: 1657.
num_space_uncommitted: 0.
num_chunks_returned_to_freelist: 46.
num_chunks_taken_from_freelist: 7078.
num_chunk_merges: 20.
num_chunk_splits: 4287.
num_chunks_enlarged: 2333.
num_inconsistent_stats: 0.

CodeHeap 'non-profiled nmethods': size=119168Kb used=25779Kb max_used=25779Kb free=93388Kb
 bounds [0x0000026be8260000, 0x0000026be9b90000, 0x0000026bef6c0000]
CodeHeap 'profiled nmethods': size=119104Kb used=46083Kb max_used=57229Kb free=73020Kb
 bounds [0x0000026be06c0000, 0x0000026be3eb0000, 0x0000026be7b10000]
CodeHeap 'non-nmethods': size=7488Kb used=1565Kb max_used=3329Kb free=5922Kb
 bounds [0x0000026be7b10000, 0x0000026be7e70000, 0x0000026be8260000]
CodeCache: size=245760Kb, used=73427Kb, max_used=86337Kb, free=172330Kb
 total_blobs=20814, nmethods=19923, adapters=789, full_count=0
Compilation: enabled, stopped_count=0, restarted_count=0

Compilation events (20 events):
Event: 1730.606 Thread 0x0000026bf547fb30 31494       1       com.sun.jna.internal.Cleaner::access$100 (5 bytes)
Event: 1730.611 Thread 0x0000026bf547fb30 nmethod 31494 0x0000026be999b610 code [0x0000026be999b7a0, 0x0000026be999b850]
Event: 1790.654 Thread 0x0000026bf547fb30 31496       3       java.util.logging.LogManager$LoggerContext::getGlobalLogger (6 bytes)
Event: 1790.690 Thread 0x0000026bf547fb30 nmethod 31496 0x0000026be2814a10 code [0x0000026be2814ba0, 0x0000026be2814cb8]
Event: 1793.739 Thread 0x0000026bf547da90 31497       4       org.eclipse.core.internal.filesystem.InternalFileSystemCore::getInstance (4 bytes)
Event: 1793.748 Thread 0x0000026bf547da90 nmethod 31497 0x0000026be9b8c790 code [0x0000026be9b8c920, 0x0000026be9b8c990]
Event: 2101.485 Thread 0x0000026bf547fb30 31498       3       java.util.concurrent.ScheduledThreadPoolExecutor$DelayedWorkQueue::finishPoll (43 bytes)
Event: 2101.517 Thread 0x0000026bf547fb30 nmethod 31498 0x0000026be1c23710 code [0x0000026be1c238e0, 0x0000026be1c23e68]
Event: 2121.514 Thread 0x0000026bf547fb30 31499   !   3       java.util.concurrent.FutureTask::runAndReset (125 bytes)
Event: 2121.572 Thread 0x0000026bf547fb30 nmethod 31499 0x0000026be1632290 code [0x0000026be1632700, 0x0000026be1634b20]
Event: 2243.804 Thread 0x0000026bf547fb30 31502   !   3       jdk.internal.ref.PhantomCleanable::isListEmpty (34 bytes)
Event: 2243.887 Thread 0x0000026bf547fb30 nmethod 31502 0x0000026be381b390 code [0x0000026be381b540, 0x0000026be381b798]
Event: 2261.635 Thread 0x0000026bf547fb30 31504   !   3       java.util.concurrent.locks.AbstractQueuedSynchronizer$ConditionObject::newConditionNode (78 bytes)
Event: 2261.661 Thread 0x0000026bf547fb30 nmethod 31504 0x0000026be2c86110 code [0x0000026be2c86380, 0x0000026be2c86b60]
Event: 2296.300 Thread 0x0000026bf547fb30 31506       3       java.util.concurrent.ConcurrentLinkedQueue::offer (120 bytes)
Event: 2296.301 Thread 0x0000026bf547da90 31505       4       java.util.concurrent.ConcurrentLinkedQueue$Node::<init> (13 bytes)
Event: 2296.332 Thread 0x0000026bf547da90 nmethod 31505 0x0000026be9b8ca90 code [0x0000026be9b8cc20, 0x0000026be9b8ccc8]
Event: 2296.364 Thread 0x0000026bf547fb30 nmethod 31506 0x0000026be259c290 code [0x0000026be259c680, 0x0000026be259e2a8]
Event: 2301.677 Thread 0x0000026bf547fb30 31507   !   3       java.util.concurrent.locks.AbstractQueuedSynchronizer::reacquire (64 bytes)
Event: 2301.684 Thread 0x0000026bf547fb30 nmethod 31507 0x0000026be25dba90 code [0x0000026be25dbc60, 0x0000026be25dbfd0]

GC Heap History (20 events):
Event: 1600.928 GC heap before
{Heap before GC invocations=3720 (full 8):
 PSYoungGen      total 4608K, used 4608K [0x00000000d5580000, 0x00000000d5c80000, 0x0000000100000000)
  eden space 4096K, 100% used [0x00000000d5580000,0x00000000d5980000,0x00000000d5980000)
  from space 512K, 100% used [0x00000000d5980000,0x00000000d5a00000,0x00000000d5a00000)
  to   space 1024K, 0% used [0x00000000d5b80000,0x00000000d5b80000,0x00000000d5c80000)
 ParOldGen       total 498176K, used 497695K [0x0000000080000000, 0x000000009e680000, 0x00000000d5580000)
  object space 498176K, 99% used [0x0000000080000000,0x000000009e607e30,0x000000009e680000)
 Metaspace       used 104092K, committed 106112K, reserved 1179648K
  class space    used 10519K, committed 11456K, reserved 1048576K
}
Event: 1600.932 GC heap after
{Heap after GC invocations=3720 (full 8):
 PSYoungGen      total 6144K, used 800K [0x00000000d5580000, 0x00000000d5c80000, 0x0000000100000000)
  eden space 5120K, 0% used [0x00000000d5580000,0x00000000d5580000,0x00000000d5a80000)
  from space 1024K, 78% used [0x00000000d5b80000,0x00000000d5c48000,0x00000000d5c80000)
  to   space 1024K, 0% used [0x00000000d5a80000,0x00000000d5a80000,0x00000000d5b80000)
 ParOldGen       total 498176K, used 498124K [0x0000000080000000, 0x000000009e680000, 0x00000000d5580000)
  object space 498176K, 99% used [0x0000000080000000,0x000000009e673288,0x000000009e680000)
 Metaspace       used 104092K, committed 106112K, reserved 1179648K
  class space    used 10519K, committed 11456K, reserved 1048576K
}
Event: 1600.941 GC heap before
{Heap before GC invocations=3721 (full 8):
 PSYoungGen      total 6144K, used 5920K [0x00000000d5580000, 0x00000000d5c80000, 0x0000000100000000)
  eden space 5120K, 100% used [0x00000000d5580000,0x00000000d5a80000,0x00000000d5a80000)
  from space 1024K, 78% used [0x00000000d5b80000,0x00000000d5c48000,0x00000000d5c80000)
  to   space 1024K, 0% used [0x00000000d5a80000,0x00000000d5a80000,0x00000000d5b80000)
 ParOldGen       total 498176K, used 498124K [0x0000000080000000, 0x000000009e680000, 0x00000000d5580000)
  object space 498176K, 99% used [0x0000000080000000,0x000000009e673288,0x000000009e680000)
 Metaspace       used 104092K, committed 106112K, reserved 1179648K
  class space    used 10519K, committed 11456K, reserved 1048576K
}
Event: 1600.944 GC heap after
{Heap after GC invocations=3721 (full 8):
 PSYoungGen      total 6144K, used 985K [0x00000000d5580000, 0x00000000d5d80000, 0x0000000100000000)
  eden space 5120K, 0% used [0x00000000d5580000,0x00000000d5580000,0x00000000d5a80000)
  from space 1024K, 96% used [0x00000000d5a80000,0x00000000d5b76410,0x00000000d5b80000)
  to   space 1024K, 0% used [0x00000000d5c80000,0x00000000d5c80000,0x00000000d5d80000)
 ParOldGen       total 499200K, used 498723K [0x0000000080000000, 0x000000009e780000, 0x00000000d5580000)
  object space 499200K, 99% used [0x0000000080000000,0x000000009e708cc0,0x000000009e780000)
 Metaspace       used 104092K, committed 106112K, reserved 1179648K
  class space    used 10519K, committed 11456K, reserved 1048576K
}
Event: 1601.130 GC heap before
{Heap before GC invocations=3722 (full 8):
 PSYoungGen      total 6144K, used 6105K [0x00000000d5580000, 0x00000000d5d80000, 0x0000000100000000)
  eden space 5120K, 100% used [0x00000000d5580000,0x00000000d5a80000,0x00000000d5a80000)
  from space 1024K, 96% used [0x00000000d5a80000,0x00000000d5b76410,0x00000000d5b80000)
  to   space 1024K, 0% used [0x00000000d5c80000,0x00000000d5c80000,0x00000000d5d80000)
 ParOldGen       total 499200K, used 498723K [0x0000000080000000, 0x000000009e780000, 0x00000000d5580000)
  object space 499200K, 99% used [0x0000000080000000,0x000000009e708cc0,0x000000009e780000)
 Metaspace       used 104093K, committed 106112K, reserved 1179648K
  class space    used 10519K, committed 11456K, reserved 1048576K
}
Event: 1601.132 GC heap after
{Heap after GC invocations=3722 (full 8):
 PSYoungGen      total 6144K, used 608K [0x00000000d5580000, 0x00000000d5d80000, 0x0000000100000000)
  eden space 5120K, 0% used [0x00000000d5580000,0x00000000d5580000,0x00000000d5a80000)
  from space 1024K, 59% used [0x00000000d5c80000,0x00000000d5d18000,0x00000000d5d80000)
  to   space 1024K, 0% used [0x00000000d5a80000,0x00000000d5a80000,0x00000000d5b80000)
 ParOldGen       total 499712K, used 499464K [0x0000000080000000, 0x000000009e800000, 0x00000000d5580000)
  object space 499712K, 99% used [0x0000000080000000,0x000000009e7c20e0,0x000000009e800000)
 Metaspace       used 104093K, committed 106112K, reserved 1179648K
  class space    used 10519K, committed 11456K, reserved 1048576K
}
Event: 1601.291 GC heap before
{Heap before GC invocations=3723 (full 8):
 PSYoungGen      total 6144K, used 5728K [0x00000000d5580000, 0x00000000d5d80000, 0x0000000100000000)
  eden space 5120K, 100% used [0x00000000d5580000,0x00000000d5a80000,0x00000000d5a80000)
  from space 1024K, 59% used [0x00000000d5c80000,0x00000000d5d18000,0x00000000d5d80000)
  to   space 1024K, 0% used [0x00000000d5a80000,0x00000000d5a80000,0x00000000d5b80000)
 ParOldGen       total 499712K, used 499464K [0x0000000080000000, 0x000000009e800000, 0x00000000d5580000)
  object space 499712K, 99% used [0x0000000080000000,0x000000009e7c20e0,0x000000009e800000)
 Metaspace       used 104093K, committed 106112K, reserved 1179648K
  class space    used 10519K, committed 11456K, reserved 1048576K
}
Event: 1601.292 GC heap after
{Heap after GC invocations=3723 (full 8):
 PSYoungGen      total 6144K, used 649K [0x00000000d5580000, 0x00000000d5d00000, 0x0000000100000000)
  eden space 5120K, 0% used [0x00000000d5580000,0x00000000d5580000,0x00000000d5a80000)
  from space 1024K, 63% used [0x00000000d5a80000,0x00000000d5b22400,0x00000000d5b80000)
  to   space 1024K, 0% used [0x00000000d5c00000,0x00000000d5c00000,0x00000000d5d00000)
 ParOldGen       total 500224K, used 499929K [0x0000000080000000, 0x000000009e880000, 0x00000000d5580000)
  object space 500224K, 99% used [0x0000000080000000,0x000000009e836540,0x000000009e880000)
 Metaspace       used 104093K, committed 106112K, reserved 1179648K
  class space    used 10519K, committed 11456K, reserved 1048576K
}
Event: 1601.432 GC heap before
{Heap before GC invocations=3724 (full 8):
 PSYoungGen      total 6144K, used 5769K [0x00000000d5580000, 0x00000000d5d00000, 0x0000000100000000)
  eden space 5120K, 100% used [0x00000000d5580000,0x00000000d5a80000,0x00000000d5a80000)
  from space 1024K, 63% used [0x00000000d5a80000,0x00000000d5b22400,0x00000000d5b80000)
  to   space 1024K, 0% used [0x00000000d5c00000,0x00000000d5c00000,0x00000000d5d00000)
 ParOldGen       total 500224K, used 499929K [0x0000000080000000, 0x000000009e880000, 0x00000000d5580000)
  object space 500224K, 99% used [0x0000000080000000,0x000000009e836540,0x000000009e880000)
 Metaspace       used 104093K, committed 106112K, reserved 1179648K
  class space    used 10519K, committed 11456K, reserved 1048576K
}
Event: 1601.434 GC heap after
{Heap after GC invocations=3724 (full 8):
 PSYoungGen      total 6144K, used 841K [0x00000000d5580000, 0x00000000d5d00000, 0x0000000100000000)
  eden space 5120K, 0% used [0x00000000d5580000,0x00000000d5580000,0x00000000d5a80000)
  from space 1024K, 82% used [0x00000000d5c00000,0x00000000d5cd2400,0x00000000d5d00000)
  to   space 1024K, 0% used [0x00000000d5a80000,0x00000000d5a80000,0x00000000d5b80000)
 ParOldGen       total 500736K, used 500466K [0x0000000080000000, 0x000000009e900000, 0x00000000d5580000)
  object space 500736K, 99% used [0x0000000080000000,0x000000009e8bc940,0x000000009e900000)
 Metaspace       used 104093K, committed 106112K, reserved 1179648K
  class space    used 10519K, committed 11456K, reserved 1048576K
}
Event: 1601.826 GC heap before
{Heap before GC invocations=3725 (full 8):
 PSYoungGen      total 6144K, used 5924K [0x00000000d5580000, 0x00000000d5d00000, 0x0000000100000000)
  eden space 5120K, 99% used [0x00000000d5580000,0x00000000d5a76dc8,0x00000000d5a80000)
  from space 1024K, 82% used [0x00000000d5c00000,0x00000000d5cd2400,0x00000000d5d00000)
  to   space 1024K, 0% used [0x00000000d5a80000,0x00000000d5a80000,0x00000000d5b80000)
 ParOldGen       total 500736K, used 500466K [0x0000000080000000, 0x000000009e900000, 0x00000000d5580000)
  object space 500736K, 99% used [0x0000000080000000,0x000000009e8bc940,0x000000009e900000)
 Metaspace       used 104093K, committed 106112K, reserved 1179648K
  class space    used 10519K, committed 11456K, reserved 1048576K
}
Event: 1601.830 GC heap after
{Heap after GC invocations=3725 (full 8):
 PSYoungGen      total 6144K, used 480K [0x00000000d5580000, 0x00000000d5c80000, 0x0000000100000000)
  eden space 5120K, 0% used [0x00000000d5580000,0x00000000d5580000,0x00000000d5a80000)
  from space 1024K, 46% used [0x00000000d5a80000,0x00000000d5af8000,0x00000000d5b80000)
  to   space 1024K, 0% used [0x00000000d5b80000,0x00000000d5b80000,0x00000000d5c80000)
 ParOldGen       total 501248K, used 501067K [0x0000000080000000, 0x000000009e980000, 0x00000000d5580000)
  object space 501248K, 99% used [0x0000000080000000,0x000000009e952d50,0x000000009e980000)
 Metaspace       used 104093K, committed 106112K, reserved 1179648K
  class space    used 10519K, committed 11456K, reserved 1048576K
}
Event: 1601.835 GC heap before
{Heap before GC invocations=3726 (full 8):
 PSYoungGen      total 6144K, used 5564K [0x00000000d5580000, 0x00000000d5c80000, 0x0000000100000000)
  eden space 5120K, 99% used [0x00000000d5580000,0x00000000d5a77268,0x00000000d5a80000)
  from space 1024K, 46% used [0x00000000d5a80000,0x00000000d5af8000,0x00000000d5b80000)
  to   space 1024K, 0% used [0x00000000d5b80000,0x00000000d5b80000,0x00000000d5c80000)
 ParOldGen       total 501248K, used 501067K [0x0000000080000000, 0x000000009e980000, 0x00000000d5580000)
  object space 501248K, 99% used [0x0000000080000000,0x000000009e952d50,0x000000009e980000)
 Metaspace       used 104093K, committed 106112K, reserved 1179648K
  class space    used 10519K, committed 11456K, reserved 1048576K
}
Event: 1601.836 GC heap after
{Heap after GC invocations=3726 (full 8):
 PSYoungGen      total 5632K, used 308K [0x00000000d5580000, 0x00000000d5c00000, 0x0000000100000000)
  eden space 5120K, 0% used [0x00000000d5580000,0x00000000d5580000,0x00000000d5a80000)
  from space 512K, 60% used [0x00000000d5b80000,0x00000000d5bcd220,0x00000000d5c00000)
  to   space 512K, 0% used [0x00000000d5b00000,0x00000000d5b00000,0x00000000d5b80000)
 ParOldGen       total 501760K, used 501323K [0x0000000080000000, 0x000000009ea00000, 0x00000000d5580000)
  object space 501760K, 99% used [0x0000000080000000,0x000000009e992d50,0x000000009ea00000)
 Metaspace       used 104093K, committed 106112K, reserved 1179648K
  class space    used 10519K, committed 11456K, reserved 1048576K
}
Event: 1605.427 GC heap before
{Heap before GC invocations=3727 (full 8):
 PSYoungGen      total 5632K, used 5428K [0x00000000d5580000, 0x00000000d5c00000, 0x0000000100000000)
  eden space 5120K, 100% used [0x00000000d5580000,0x00000000d5a80000,0x00000000d5a80000)
  from space 512K, 60% used [0x00000000d5b80000,0x00000000d5bcd220,0x00000000d5c00000)
  to   space 512K, 0% used [0x00000000d5b00000,0x00000000d5b00000,0x00000000d5b80000)
 ParOldGen       total 501760K, used 501323K [0x0000000080000000, 0x000000009ea00000, 0x00000000d5580000)
  object space 501760K, 99% used [0x0000000080000000,0x000000009e992d50,0x000000009ea00000)
 Metaspace       used 104093K, committed 106112K, reserved 1179648K
  class space    used 10519K, committed 11456K, reserved 1048576K
}
Event: 1605.429 GC heap after
{Heap after GC invocations=3727 (full 8):
 PSYoungGen      total 5632K, used 224K [0x00000000d5580000, 0x00000000d5c00000, 0x0000000100000000)
  eden space 5120K, 0% used [0x00000000d5580000,0x00000000d5580000,0x00000000d5a80000)
  from space 512K, 43% used [0x00000000d5b00000,0x00000000d5b38000,0x00000000d5b80000)
  to   space 512K, 0% used [0x00000000d5b80000,0x00000000d5b80000,0x00000000d5c00000)
 ParOldGen       total 501760K, used 501419K [0x0000000080000000, 0x000000009ea00000, 0x00000000d5580000)
  object space 501760K, 99% used [0x0000000080000000,0x000000009e9aad70,0x000000009ea00000)
 Metaspace       used 104093K, committed 106112K, reserved 1179648K
  class space    used 10519K, committed 11456K, reserved 1048576K
}
Event: 1678.349 GC heap before
{Heap before GC invocations=3728 (full 8):
 PSYoungGen      total 5632K, used 5344K [0x00000000d5580000, 0x00000000d5c00000, 0x0000000100000000)
  eden space 5120K, 100% used [0x00000000d5580000,0x00000000d5a80000,0x00000000d5a80000)
  from space 512K, 43% used [0x00000000d5b00000,0x00000000d5b38000,0x00000000d5b80000)
  to   space 512K, 0% used [0x00000000d5b80000,0x00000000d5b80000,0x00000000d5c00000)
 ParOldGen       total 501760K, used 501419K [0x0000000080000000, 0x000000009ea00000, 0x00000000d5580000)
  object space 501760K, 99% used [0x0000000080000000,0x000000009e9aad70,0x000000009ea00000)
 Metaspace       used 104094K, committed 106112K, reserved 1179648K
  class space    used 10519K, committed 11456K, reserved 1048576K
}
Event: 1678.419 GC heap after
{Heap after GC invocations=3728 (full 8):
 PSYoungGen      total 5632K, used 352K [0x00000000d5580000, 0x00000000d5c00000, 0x0000000100000000)
  eden space 5120K, 0% used [0x00000000d5580000,0x00000000d5580000,0x00000000d5a80000)
  from space 512K, 68% used [0x00000000d5b80000,0x00000000d5bd8000,0x00000000d5c00000)
  to   space 512K, 0% used [0x00000000d5b00000,0x00000000d5b00000,0x00000000d5b80000)
 ParOldGen       total 501760K, used 501459K [0x0000000080000000, 0x000000009ea00000, 0x00000000d5580000)
  object space 501760K, 99% used [0x0000000080000000,0x000000009e9b4d70,0x000000009ea00000)
 Metaspace       used 104094K, committed 106112K, reserved 1179648K
  class space    used 10519K, committed 11456K, reserved 1048576K
}
Event: 1763.629 GC heap before
{Heap before GC invocations=3729 (full 8):
 PSYoungGen      total 5632K, used 5472K [0x00000000d5580000, 0x00000000d5c00000, 0x0000000100000000)
  eden space 5120K, 100% used [0x00000000d5580000,0x00000000d5a80000,0x00000000d5a80000)
  from space 512K, 68% used [0x00000000d5b80000,0x00000000d5bd8000,0x00000000d5c00000)
  to   space 512K, 0% used [0x00000000d5b00000,0x00000000d5b00000,0x00000000d5b80000)
 ParOldGen       total 501760K, used 501459K [0x0000000080000000, 0x000000009ea00000, 0x00000000d5580000)
  object space 501760K, 99% used [0x0000000080000000,0x000000009e9b4d70,0x000000009ea00000)
 Metaspace       used 104102K, committed 106112K, reserved 1179648K
  class space    used 10519K, committed 11456K, reserved 1048576K
}
Event: 1763.739 GC heap after
{Heap after GC invocations=3729 (full 8):
 PSYoungGen      total 5632K, used 480K [0x00000000d5580000, 0x00000000d5c00000, 0x0000000100000000)
  eden space 5120K, 0% used [0x00000000d5580000,0x00000000d5580000,0x00000000d5a80000)
  from space 512K, 93% used [0x00000000d5b00000,0x00000000d5b78000,0x00000000d5b80000)
  to   space 512K, 0% used [0x00000000d5b80000,0x00000000d5b80000,0x00000000d5c00000)
 ParOldGen       total 501760K, used 501612K [0x0000000080000000, 0x000000009ea00000, 0x00000000d5580000)
  object space 501760K, 99% used [0x0000000080000000,0x000000009e9db170,0x000000009ea00000)
 Metaspace       used 104102K, committed 106112K, reserved 1179648K
  class space    used 10519K, committed 11456K, reserved 1048576K
}

Dll operation events (12 events):
Event: 0.006 Loaded shared library c:\Users\User\.vscode\extensions\redhat.java-1.51.0-win32-x64\jre\21.0.9-win32-x86_64\bin\java.dll
Event: 0.045 Loaded shared library c:\Users\User\.vscode\extensions\redhat.java-1.51.0-win32-x64\jre\21.0.9-win32-x86_64\bin\zip.dll
Event: 0.057 Loaded shared library C:\Users\User\.vscode\extensions\redhat.java-1.51.0-win32-x64\jre\21.0.9-win32-x86_64\bin\instrument.dll
Event: 0.104 Loaded shared library C:\Users\User\.vscode\extensions\redhat.java-1.51.0-win32-x64\jre\21.0.9-win32-x86_64\bin\net.dll
Event: 0.147 Loaded shared library C:\Users\User\.vscode\extensions\redhat.java-1.51.0-win32-x64\jre\21.0.9-win32-x86_64\bin\nio.dll
Event: 0.150 Loaded shared library C:\Users\User\.vscode\extensions\redhat.java-1.51.0-win32-x64\jre\21.0.9-win32-x86_64\bin\zip.dll
Event: 0.169 Loaded shared library C:\Users\User\.vscode\extensions\redhat.java-1.51.0-win32-x64\jre\21.0.9-win32-x86_64\bin\jimage.dll
Event: 0.276 Loaded shared library c:\Users\User\.vscode\extensions\redhat.java-1.51.0-win32-x64\jre\21.0.9-win32-x86_64\bin\verify.dll
Event: 19.812 Loaded shared library C:\Users\User\AppData\Roaming\Code\User\globalStorage\redhat.java\1.51.0\config_win\org.eclipse.equinox.launcher\org.eclipse.equinox.launcher.win32.win32.x86_64_1.2.1400.v20250801-0854\eclipse_11916.dll
Event: 47.775 Loaded shared library C:\Users\User\AppData\Local\Temp\jna-2645995\jna3970949677827337781.dll
Event: 49.050 Loaded shared library C:\Users\User\.vscode\extensions\redhat.java-1.51.0-win32-x64\jre\21.0.9-win32-x86_64\bin\sunmscapi.dll
Event: 49.499 Loaded shared library C:\Users\User\.vscode\extensions\redhat.java-1.51.0-win32-x64\jre\21.0.9-win32-x86_64\bin\extnet.dll

Deoptimization events (20 events):
Event: 1599.057 Thread 0x0000026bd0531aa0 DEOPT PACKING pc=0x0000026be99a7dd4 sp=0x000000bc234fd4e0
Event: 1599.057 Thread 0x0000026bd0531aa0 DEOPT UNPACKING pc=0x0000026be7b63aa2 sp=0x000000bc234fd510 mode 2
Event: 1599.057 Thread 0x0000026bd0531aa0 Uncommon trap: trap_request=0xffffffd6 fr.pc=0x0000026be99a7dd4 relative=0x0000000000001934
Event: 1599.057 Thread 0x0000026bd0531aa0 Uncommon trap: reason=array_check action=maybe_recompile pc=0x0000026be99a7dd4 method=org.eclipse.jdt.internal.compiler.lookup.SourceTypeBinding.addSyntheticRecordComponentAccessor(Lorg/eclipse/jdt/internal/compiler/lookup/RecordComponentBinding;)Lorg/ecl
Event: 1599.057 Thread 0x0000026bd0531aa0 DEOPT PACKING pc=0x0000026be99a7dd4 sp=0x000000bc234fd8e0
Event: 1599.057 Thread 0x0000026bd0531aa0 DEOPT UNPACKING pc=0x0000026be7b63aa2 sp=0x000000bc234fd910 mode 2
Event: 1600.933 Thread 0x0000026bd0531aa0 DEOPT PACKING pc=0x0000026be1f9476c sp=0x000000bc234fd650
Event: 1600.933 Thread 0x0000026bd0531aa0 DEOPT UNPACKING pc=0x0000026be7b64242 sp=0x000000bc234fcb38 mode 0
Event: 1600.949 Thread 0x0000026bd0531aa0 DEOPT PACKING pc=0x0000026be355d7b1 sp=0x000000bc234fd430
Event: 1600.949 Thread 0x0000026bd0531aa0 DEOPT UNPACKING pc=0x0000026be7b64242 sp=0x000000bc234fc908 mode 0
Event: 1601.427 Thread 0x0000026bd0531aa0 Uncommon trap: trap_request=0xffffffcc fr.pc=0x0000026be8cb3124 relative=0x0000000000000704
Event: 1601.427 Thread 0x0000026bd0531aa0 Uncommon trap: reason=intrinsic_or_type_checked_inlining action=make_not_entrant pc=0x0000026be8cb3124 method=java.util.stream.SpinedBuffer.copyInto([Ljava/lang/Object;I)V @ 51 c2
Event: 1601.427 Thread 0x0000026bd0531aa0 DEOPT PACKING pc=0x0000026be8cb3124 sp=0x000000bc234feaa0
Event: 1601.427 Thread 0x0000026bd0531aa0 DEOPT UNPACKING pc=0x0000026be7b63aa2 sp=0x000000bc234fe8a8 mode 2
Event: 1601.839 Thread 0x0000026bd05327c0 DEOPT PACKING pc=0x0000026be3b3c1fd sp=0x000000bc219fe710
Event: 1601.839 Thread 0x0000026bd05327c0 DEOPT UNPACKING pc=0x0000026be7b64242 sp=0x000000bc219fdbc0 mode 0
Event: 1678.557 Thread 0x0000026bfe3ee770 Uncommon trap: trap_request=0xffffff45 fr.pc=0x0000026be8779a28 relative=0x00000000000000e8
Event: 1678.557 Thread 0x0000026bfe3ee770 Uncommon trap: reason=unstable_if action=reinterpret pc=0x0000026be8779a28 method=org.eclipse.jdt.internal.core.search.PatternSearchJob$ParallelSearchMonitor.isCanceled()Z @ 16 c2
Event: 1678.557 Thread 0x0000026bfe3ee770 DEOPT PACKING pc=0x0000026be8779a28 sp=0x000000bc261fef80
Event: 1678.557 Thread 0x0000026bfe3ee770 DEOPT UNPACKING pc=0x0000026be7b63aa2 sp=0x000000bc261fef10 mode 2

Classes loaded (20 events):
Event: 1157.405 Loading class jdk/internal/module/IllegalAccessLogger
Event: 1157.405 Loading class jdk/internal/module/IllegalAccessLogger done
Event: 1162.486 Loading class jdk/internal/module/IllegalAccessLogger
Event: 1162.486 Loading class jdk/internal/module/IllegalAccessLogger done
Event: 1175.389 Loading class jdk/internal/module/IllegalAccessLogger
Event: 1175.389 Loading class jdk/internal/module/IllegalAccessLogger done
Event: 1184.730 Loading class jdk/internal/module/IllegalAccessLogger
Event: 1184.730 Loading class jdk/internal/module/IllegalAccessLogger done
Event: 1187.326 Loading class jdk/internal/module/IllegalAccessLogger
Event: 1187.326 Loading class jdk/internal/module/IllegalAccessLogger done
Event: 1195.813 Loading class jdk/internal/module/IllegalAccessLogger
Event: 1195.813 Loading class jdk/internal/module/IllegalAccessLogger done
Event: 1376.406 Loading class jdk/internal/module/IllegalAccessLogger
Event: 1376.410 Loading class jdk/internal/module/IllegalAccessLogger done
Event: 1379.006 Loading class java/lang/Throwable$WrappedPrintWriter
Event: 1379.023 Loading class java/lang/Throwable$PrintStreamOrWriter
Event: 1379.038 Loading class java/lang/Throwable$PrintStreamOrWriter done
Event: 1379.040 Loading class java/lang/Throwable$WrappedPrintWriter done
Event: 1381.296 Loading class jdk/internal/module/IllegalAccessLogger
Event: 1381.296 Loading class jdk/internal/module/IllegalAccessLogger done

Classes unloaded (15 events):
Event: 48.136 Thread 0x0000026bf54432d0 Unloading class 0x0000026b811a9400 'java/lang/invoke/LambdaForm$MH+0x0000026b811a9400'
Event: 48.136 Thread 0x0000026bf54432d0 Unloading class 0x0000026b811a9000 'java/lang/invoke/LambdaForm$MH+0x0000026b811a9000'
Event: 48.136 Thread 0x0000026bf54432d0 Unloading class 0x0000026b811a8c00 'java/lang/invoke/LambdaForm$MH+0x0000026b811a8c00'
Event: 48.136 Thread 0x0000026bf54432d0 Unloading class 0x0000026b811a8800 'java/lang/invoke/LambdaForm$MH+0x0000026b811a8800'
Event: 48.136 Thread 0x0000026bf54432d0 Unloading class 0x0000026b811a8400 'java/lang/invoke/LambdaForm$BMH+0x0000026b811a8400'
Event: 48.136 Thread 0x0000026bf54432d0 Unloading class 0x0000026b811a8000 'java/lang/invoke/LambdaForm$DMH+0x0000026b811a8000'
Event: 48.136 Thread 0x0000026bf54432d0 Unloading class 0x0000026b811a6c00 'java/lang/invoke/LambdaForm$DMH+0x0000026b811a6c00'
Event: 82.788 Thread 0x0000026bf54432d0 Unloading class 0x0000026b817dd800 'java/lang/invoke/LambdaForm$MH+0x0000026b817dd800'
Event: 82.788 Thread 0x0000026bf54432d0 Unloading class 0x0000026b817dd000 'java/lang/invoke/LambdaForm$MH+0x0000026b817dd000'
Event: 82.788 Thread 0x0000026bf54432d0 Unloading class 0x0000026b817dc800 'java/lang/invoke/LambdaForm$MH+0x0000026b817dc800'
Event: 82.788 Thread 0x0000026bf54432d0 Unloading class 0x0000026b817b8400 'java/lang/invoke/LambdaForm$DMH+0x0000026b817b8400'
Event: 82.788 Thread 0x0000026bf54432d0 Unloading class 0x0000026b81780c00 'java/lang/invoke/LambdaForm$DMH+0x0000026b81780c00'
Event: 82.788 Thread 0x0000026bf54432d0 Unloading class 0x0000026b81780800 'java/lang/invoke/LambdaForm$DMH+0x0000026b81780800'
Event: 82.788 Thread 0x0000026bf54432d0 Unloading class 0x0000026b81780400 'java/lang/invoke/LambdaForm$DMH+0x0000026b81780400'
Event: 82.788 Thread 0x0000026bf54432d0 Unloading class 0x0000026b81780000 'java/lang/invoke/LambdaForm$DMH+0x0000026b81780000'

Classes redefined (0 events):
No events

Internal exceptions (20 events):
Event: 1383.106 Thread 0x0000026bfe3f0840 Exception <a 'java/lang/NullPointerException'{0x00000000d5625f90}> (0x00000000d5625f90) 
thrown [s\src\hotspot\share\runtime\sharedRuntime.cpp, line 625]
Event: 1383.106 Thread 0x0000026bfe3f0840 Implicit null exception at 0x0000026be1db6e92 to 0x0000026be1db7197
Event: 1383.106 Thread 0x0000026bfe3f0840 Exception <a 'java/lang/NullPointerException'{0x00000000d562b618}> (0x00000000d562b618) 
thrown [s\src\hotspot\share\runtime\sharedRuntime.cpp, line 625]
Event: 1383.106 Thread 0x0000026bfe3f0840 Implicit null exception at 0x0000026be1db6e92 to 0x0000026be1db7197
Event: 1383.106 Thread 0x0000026bfe3f0840 Exception <a 'java/lang/NullPointerException'{0x00000000d562c5f8}> (0x00000000d562c5f8) 
thrown [s\src\hotspot\share\runtime\sharedRuntime.cpp, line 625]
Event: 1383.106 Thread 0x0000026bfe3f0840 Implicit null exception at 0x0000026be1db6e92 to 0x0000026be1db7197
Event: 1383.106 Thread 0x0000026bfe3f0840 Exception <a 'java/lang/NullPointerException'{0x00000000d562d510}> (0x00000000d562d510) 
thrown [s\src\hotspot\share\runtime\sharedRuntime.cpp, line 625]
Event: 1383.200 Thread 0x0000026bfe3f49e0 Exception <a 'sun/nio/fs/WindowsException'{0x00000000d5643fb0}> (0x00000000d5643fb0) 
thrown [s\src\hotspot\share\prims\jni.cpp, line 520]
Event: 1383.200 Thread 0x0000026bfe3f49e0 Exception <a 'sun/nio/fs/WindowsException'{0x00000000d56445c8}> (0x00000000d56445c8) 
thrown [s\src\hotspot\share\prims\jni.cpp, line 520]
Event: 1383.320 Thread 0x0000026bfc13c920 Exception <a 'sun/nio/fs/WindowsException'{0x00000000d568f3e8}> (0x00000000d568f3e8) 
thrown [s\src\hotspot\share\prims\jni.cpp, line 520]
Event: 1383.465 Thread 0x0000026bfc13c920 Exception <a 'sun/nio/fs/WindowsException'{0x00000000d5581288}> (0x00000000d5581288) 
thrown [s\src\hotspot\share\prims\jni.cpp, line 520]
Event: 1383.593 Thread 0x0000026bfe3f01b0 Exception <a 'sun/nio/fs/WindowsException'{0x00000000d55d3af0}> (0x00000000d55d3af0) 
thrown [s\src\hotspot\share\prims\jni.cpp, line 520]
Event: 1383.597 Thread 0x0000026bfe3f01b0 Exception <a 'sun/nio/fs/WindowsException'{0x00000000d55d5828}> (0x00000000d55d5828) 
thrown [s\src\hotspot\share\prims\jni.cpp, line 520]
Event: 1383.600 Thread 0x0000026bfe3f01b0 Exception <a 'sun/nio/fs/WindowsException'{0x00000000d55d76e0}> (0x00000000d55d76e0) 
thrown [s\src\hotspot\share\prims\jni.cpp, line 520]
Event: 1383.602 Thread 0x0000026bfe3f01b0 Exception <a 'sun/nio/fs/WindowsException'{0x00000000d55d93f8}> (0x00000000d55d93f8) 
thrown [s\src\hotspot\share\prims\jni.cpp, line 520]
Event: 1383.603 Thread 0x0000026bfe3f01b0 Exception <a 'sun/nio/fs/WindowsException'{0x00000000d55db150}> (0x00000000d55db150) 
thrown [s\src\hotspot\share\prims\jni.cpp, line 520]
Event: 1383.604 Thread 0x0000026bfe3f01b0 Exception <a 'sun/nio/fs/WindowsException'{0x00000000d55dcc88}> (0x00000000d55dcc88) 
thrown [s\src\hotspot\share\prims\jni.cpp, line 520]
Event: 1400.314 Thread 0x0000026bfb664ec0 Exception <a 'sun/nio/fs/WindowsException'{0x00000000d5586b40}> (0x00000000d5586b40) 
thrown [s\src\hotspot\share\prims\jni.cpp, line 520]
Event: 1400.315 Thread 0x0000026bfb664ec0 Exception <a 'sun/nio/fs/WindowsException'{0x00000000d5587678}> (0x00000000d5587678) 
thrown [s\src\hotspot\share\prims\jni.cpp, line 520]
Event: 1593.806 Thread 0x0000026bfe3ee770 Exception <a 'java/lang/ArrayIndexOutOfBoundsException'{0x00000000d5953ec0}: Index 1565 out of bounds for length 1564> (0x00000000d5953ec0) 
thrown [s\src\hotspot\share\interpreter\interpreterRuntime.cpp, line 439]

ZGC Phase Switch (0 events):
No events

VM Operations (20 events):
Event: 2104.767 Executing VM operation: RendezvousGCThreads
Event: 2104.768 Executing VM operation: RendezvousGCThreads done
Event: 2149.139 Executing VM operation: Cleanup
Event: 2149.141 Executing VM operation: Cleanup done
Event: 2164.830 Executing VM operation: HandshakeAllThreads (HandshakeForDeflation)
Event: 2164.831 Executing VM operation: HandshakeAllThreads (HandshakeForDeflation) done
Event: 2164.831 Executing VM operation: RendezvousGCThreads
Event: 2164.831 Executing VM operation: RendezvousGCThreads done
Event: 2225.069 Executing VM operation: HandshakeAllThreads (HandshakeForDeflation)
Event: 2225.070 Executing VM operation: HandshakeAllThreads (HandshakeForDeflation) done
Event: 2225.070 Executing VM operation: RendezvousGCThreads
Event: 2225.070 Executing VM operation: RendezvousGCThreads done
Event: 2345.434 Executing VM operation: HandshakeAllThreads (HandshakeForDeflation)
Event: 2345.444 Executing VM operation: HandshakeAllThreads (HandshakeForDeflation) done
Event: 2345.444 Executing VM operation: RendezvousGCThreads
Event: 2345.444 Executing VM operation: RendezvousGCThreads done
Event: 2405.506 Executing VM operation: HandshakeAllThreads (HandshakeForDeflation)
Event: 2405.511 Executing VM operation: HandshakeAllThreads (HandshakeForDeflation) done
Event: 2405.513 Executing VM operation: RendezvousGCThreads
Event: 2405.513 Executing VM operation: RendezvousGCThreads done

Memory protections (0 events):
No events

Nmethod flushes (20 events):
Event: 1195.684 Thread 0x0000026bf54432d0 flushing  nmethod 0x0000026be3ca6a90
Event: 1195.684 Thread 0x0000026bf54432d0 flushing  nmethod 0x0000026be3d56b10
Event: 1195.684 Thread 0x0000026bf54432d0 flushing  nmethod 0x0000026be3d67510
Event: 1195.684 Thread 0x0000026bf54432d0 flushing  nmethod 0x0000026be3d74090
Event: 1195.684 Thread 0x0000026bf54432d0 flushing  nmethod 0x0000026be3da1c90
Event: 1195.684 Thread 0x0000026bf54432d0 flushing  nmethod 0x0000026be3dad290
Event: 1195.684 Thread 0x0000026bf54432d0 flushing  nmethod 0x0000026be3dbac90
Event: 1195.684 Thread 0x0000026bf54432d0 flushing  nmethod 0x0000026be3dc3b10
Event: 1195.684 Thread 0x0000026bf54432d0 flushing  nmethod 0x0000026be3dc6d10
Event: 1195.684 Thread 0x0000026bf54432d0 flushing  nmethod 0x0000026be3de7910
Event: 1195.684 Thread 0x0000026bf54432d0 flushing  nmethod 0x0000026be3decb90
Event: 1195.684 Thread 0x0000026bf54432d0 flushing  nmethod 0x0000026be3df6010
Event: 1195.684 Thread 0x0000026bf54432d0 flushing  nmethod 0x0000026be3df7a10
Event: 1195.684 Thread 0x0000026bf54432d0 flushing  nmethod 0x0000026be3e08b10
Event: 1195.684 Thread 0x0000026bf54432d0 flushing  nmethod 0x0000026be3e17810
Event: 1195.684 Thread 0x0000026bf54432d0 flushing  nmethod 0x0000026be3e1b290
Event: 1195.684 Thread 0x0000026bf54432d0 flushing  nmethod 0x0000026be3e29610
Event: 1195.684 Thread 0x0000026bf54432d0 flushing  nmethod 0x0000026be3e2b490
Event: 1195.685 Thread 0x0000026bf54432d0 flushing  nmethod 0x0000026be3e87d10
Event: 1195.685 Thread 0x0000026bf54432d0 flushing  nmethod 0x0000026be3e9b690

Events (20 events):
Event: 1859.369 Thread 0x0000026bfbd7b430 Thread exited: 0x0000026bfbd7b430
Event: 1888.698 Thread 0x0000026bfe3ee770 Thread exited: 0x0000026bfe3ee770
Event: 1919.376 Thread 0x0000026bfbd7d500 Thread exited: 0x0000026bfbd7d500
Event: 1948.685 Thread 0x0000026bd0531aa0 Thread exited: 0x0000026bd0531aa0
Event: 1979.395 Thread 0x0000026bcaedee10 Thread exited: 0x0000026bcaedee10
Event: 2008.689 Thread 0x0000026bd0532e50 Thread exited: 0x0000026bd0532e50
Event: 2039.412 Thread 0x0000026bfbd7e220 Thread exited: 0x0000026bfbd7e220
Event: 2068.726 Thread 0x0000026bcaedb300 Thread exited: 0x0000026bcaedb300
Event: 2099.460 Thread 0x0000026bcaedcd40 Thread exited: 0x0000026bcaedcd40
Event: 2128.715 Thread 0x0000026bd2f185d0 Thread exited: 0x0000026bd2f185d0
Event: 2159.449 Thread 0x0000026bfbd7e8b0 Thread exited: 0x0000026bfbd7e8b0
Event: 2188.737 Thread 0x0000026bfe3f5070 Thread exited: 0x0000026bfe3f5070
Event: 2219.449 Thread 0x0000026bcaedb990 Thread exited: 0x0000026bcaedb990
Event: 2248.755 Thread 0x0000026bfdcc0690 Thread exited: 0x0000026bfdcc0690
Event: 2279.467 Thread 0x0000026bfbd80980 Thread exited: 0x0000026bfbd80980
Event: 2296.297 Thread 0x0000026bfdcbf2e0 Thread added: 0x0000026bd052f9d0
Event: 2296.303 Thread 0x0000026bd052f9d0 Thread added: 0x0000026bd05306f0
Event: 2308.771 Thread 0x0000026bfe3f1bf0 Thread exited: 0x0000026bfe3f1bf0
Event: 2339.499 Thread 0x0000026bfbd7fc60 Thread exited: 0x0000026bfbd7fc60
Event: 2368.770 Thread 0x0000026bd0534890 Thread exited: 0x0000026bd0534890


Dynamic libraries:
0x00007ff766eb0000 - 0x00007ff766ebe000 	c:\Users\User\.vscode\extensions\redhat.java-1.51.0-win32-x64\jre\21.0.9-win32-x86_64\bin\java.exe
0x00007ff890800000 - 0x00007ff890a68000 	C:\WINDOWS\SYSTEM32\ntdll.dll
0x00007ff8906f0000 - 0x00007ff8907b9000 	C:\WINDOWS\System32\KERNEL32.DLL
0x00007ff88deb0000 - 0x00007ff88e2a2000 	C:\WINDOWS\System32\KERNELBASE.dll
0x00007ff88dcd0000 - 0x00007ff88de1b000 	C:\WINDOWS\System32\ucrtbase.dll
0x00007ff851f00000 - 0x00007ff851f1e000 	c:\Users\User\.vscode\extensions\redhat.java-1.51.0-win32-x64\jre\21.0.9-win32-x86_64\bin\VCRUNTIME140.dll
0x00007ff857380000 - 0x00007ff857398000 	c:\Users\User\.vscode\extensions\redhat.java-1.51.0-win32-x64\jre\21.0.9-win32-x86_64\bin\jli.dll
0x00007ff88ea70000 - 0x00007ff88ec35000 	C:\WINDOWS\System32\USER32.dll
0x00007ff88e430000 - 0x00007ff88e457000 	C:\WINDOWS\System32\win32u.dll
0x00007ff871af0000 - 0x00007ff871d83000 	C:\WINDOWS\WinSxS\amd64_microsoft.windows.common-controls_6595b64144ccf1df_6.0.26100.6899_none_3e0efeeae32e88c1\COMCTL32.dll
0x00007ff88f290000 - 0x00007ff88f2bb000 	C:\WINDOWS\System32\GDI32.dll
0x00007ff88d990000 - 0x00007ff88dabd000 	C:\WINDOWS\System32\gdi32full.dll
0x00007ff88e940000 - 0x00007ff88e9e9000 	C:\WINDOWS\System32\msvcrt.dll
0x00007ff88e460000 - 0x00007ff88e503000 	C:\WINDOWS\System32\msvcp_win.dll
0x00007ff88fbc0000 - 0x00007ff88fbef000 	C:\WINDOWS\System32\IMM32.DLL
0x00007ff875c00000 - 0x00007ff875c0c000 	c:\Users\User\.vscode\extensions\redhat.java-1.51.0-win32-x64\jre\21.0.9-win32-x86_64\bin\vcruntime140_1.dll
0x00007ff816bc0000 - 0x00007ff816c4d000 	c:\Users\User\.vscode\extensions\redhat.java-1.51.0-win32-x64\jre\21.0.9-win32-x86_64\bin\msvcp140.dll
0x00007fff7d9c0000 - 0x00007fff7e760000 	c:\Users\User\.vscode\extensions\redhat.java-1.51.0-win32-x64\jre\21.0.9-win32-x86_64\bin\server\jvm.dll
0x00007ff88e660000 - 0x00007ff88e714000 	C:\WINDOWS\System32\ADVAPI32.dll
0x00007ff88e790000 - 0x00007ff88e836000 	C:\WINDOWS\System32\sechost.dll
0x00007ff88f170000 - 0x00007ff88f288000 	C:\WINDOWS\System32\RPCRT4.dll
0x00007ff88e9f0000 - 0x00007ff88ea64000 	C:\WINDOWS\System32\WS2_32.dll
0x00007ff88c580000 - 0x00007ff88c5de000 	C:\WINDOWS\SYSTEM32\POWRPROF.dll
0x00007ff88a5e0000 - 0x00007ff88a615000 	C:\WINDOWS\SYSTEM32\WINMM.dll
0x00007ff882e10000 - 0x00007ff882e1b000 	C:\WINDOWS\SYSTEM32\VERSION.dll
0x00007ff88c560000 - 0x00007ff88c574000 	C:\WINDOWS\SYSTEM32\UMPDC.dll
0x00007ff88c7a0000 - 0x00007ff88c7bb000 	C:\WINDOWS\SYSTEM32\kernel.appcore.dll
0x00007ff875a80000 - 0x00007ff875a8a000 	c:\Users\User\.vscode\extensions\redhat.java-1.51.0-win32-x64\jre\21.0.9-win32-x86_64\bin\jimage.dll
0x00007ff88afe0000 - 0x00007ff88b222000 	C:\WINDOWS\SYSTEM32\DBGHELP.DLL
0x00007ff88f2c0000 - 0x00007ff88f63b000 	C:\WINDOWS\System32\combase.dll
0x00007ff88f890000 - 0x00007ff88f967000 	C:\WINDOWS\System32\OLEAUT32.dll
0x00007ff875cd0000 - 0x00007ff875d0c000 	C:\WINDOWS\SYSTEM32\dbgcore.DLL
0x00007ff88dac0000 - 0x00007ff88db58000 	C:\WINDOWS\System32\bcryptPrimitives.dll
0x00007ff875030000 - 0x00007ff87503f000 	c:\Users\User\.vscode\extensions\redhat.java-1.51.0-win32-x64\jre\21.0.9-win32-x86_64\bin\instrument.dll
0x00007ff84fc30000 - 0x00007ff84fc50000 	c:\Users\User\.vscode\extensions\redhat.java-1.51.0-win32-x64\jre\21.0.9-win32-x86_64\bin\java.dll
0x00007ff88fd00000 - 0x00007ff89044d000 	C:\WINDOWS\System32\SHELL32.dll
0x00007ff88db60000 - 0x00007ff88dccb000 	C:\WINDOWS\System32\wintypes.dll
0x00007ff88b5c0000 - 0x00007ff88be1d000 	C:\WINDOWS\SYSTEM32\windows.storage.dll
0x00007ff88fc00000 - 0x00007ff88fcf2000 	C:\WINDOWS\System32\SHCORE.dll
0x00007ff88e720000 - 0x00007ff88e782000 	C:\WINDOWS\System32\shlwapi.dll
0x00007ff88d8b0000 - 0x00007ff88d8d9000 	C:\WINDOWS\SYSTEM32\profapi.dll
0x00007ff84b510000 - 0x00007ff84b528000 	c:\Users\User\.vscode\extensions\redhat.java-1.51.0-win32-x64\jre\21.0.9-win32-x86_64\bin\zip.dll
0x00007ff874780000 - 0x00007ff874790000 	C:\Users\User\.vscode\extensions\redhat.java-1.51.0-win32-x64\jre\21.0.9-win32-x86_64\bin\net.dll
0x00007ff8875c0000 - 0x00007ff8876df000 	C:\WINDOWS\SYSTEM32\WINHTTP.dll
0x00007ff88cd90000 - 0x00007ff88cdfb000 	C:\WINDOWS\system32\mswsock.dll
0x00007ff8462b0000 - 0x00007ff8462c6000 	C:\Users\User\.vscode\extensions\redhat.java-1.51.0-win32-x64\jre\21.0.9-win32-x86_64\bin\nio.dll
0x00007ff872480000 - 0x00007ff872490000 	c:\Users\User\.vscode\extensions\redhat.java-1.51.0-win32-x64\jre\21.0.9-win32-x86_64\bin\verify.dll
0x00007fff98930000 - 0x00007fff98a4a000 	C:\Program Files\Topaz OFD\Warsaw\wslbscr64.dll
0x00007ff88c960000 - 0x00007ff88c996000 	C:\WINDOWS\SYSTEM32\ntmarta.dll
0x00007fffcd340000 - 0x00007fffcd43a000 	C:\Program Files\Topaz OFD\Warsaw\wslbscrwh64.dll
0x00007ff84f910000 - 0x00007ff84f954000 	C:\Users\User\AppData\Roaming\Code\User\globalStorage\redhat.java\1.51.0\config_win\org.eclipse.equinox.launcher\org.eclipse.equinox.launcher.win32.win32.x86_64_1.2.1400.v20250801-0854\eclipse_11916.dll
0x00007ff88fa20000 - 0x00007ff88fbb8000 	C:\WINDOWS\System32\ole32.dll
0x00007ff88d170000 - 0x00007ff88d18b000 	C:\WINDOWS\SYSTEM32\CRYPTSP.dll
0x00007ff88c7c0000 - 0x00007ff88c7fb000 	C:\WINDOWS\system32\rsaenh.dll
0x00007ff88ce30000 - 0x00007ff88ce5b000 	C:\WINDOWS\SYSTEM32\USERENV.dll
0x00007ff88d880000 - 0x00007ff88d8a6000 	C:\WINDOWS\SYSTEM32\bcrypt.dll
0x00007ff88cfd0000 - 0x00007ff88cfdc000 	C:\WINDOWS\SYSTEM32\CRYPTBASE.dll
0x00007ff88c300000 - 0x00007ff88c334000 	C:\WINDOWS\SYSTEM32\IPHLPAPI.DLL
0x0000026bdb370000 - 0x0000026bdb37a000 	C:\WINDOWS\System32\NSI.dll
0x00007ff842750000 - 0x00007ff842799000 	C:\Users\User\AppData\Local\Temp\jna-2645995\jna3970949677827337781.dll
0x00007ff88ec50000 - 0x00007ff88ec58000 	C:\WINDOWS\System32\PSAPI.DLL
0x00007ff887a20000 - 0x00007ff887a3e000 	C:\WINDOWS\SYSTEM32\dhcpcsvc6.DLL
0x00007ff887900000 - 0x00007ff887923000 	C:\WINDOWS\SYSTEM32\dhcpcsvc.DLL
0x00007ff885ec0000 - 0x00007ff885ece000 	C:\Users\User\.vscode\extensions\redhat.java-1.51.0-win32-x64\jre\21.0.9-win32-x86_64\bin\sunmscapi.dll
0x00007ff88d2c0000 - 0x00007ff88d2f0000 	C:\WINDOWS\SYSTEM32\ncrypt.dll
0x0000026bf6d80000 - 0x0000026bf6ef7000 	C:\WINDOWS\System32\CRYPT32.dll
0x00007ff88d270000 - 0x00007ff88d2af000 	C:\WINDOWS\SYSTEM32\NTASN1.dll
0x00007ff88c340000 - 0x00007ff88c466000 	C:\WINDOWS\SYSTEM32\DNSAPI.dll
0x00007ff886790000 - 0x00007ff88679b000 	C:\Windows\System32\rasadhlp.dll
0x00007ff887ad0000 - 0x00007ff887b56000 	C:\WINDOWS\System32\fwpuclnt.dll
0x00007ff885ce0000 - 0x00007ff885ce9000 	C:\Users\User\.vscode\extensions\redhat.java-1.51.0-win32-x64\jre\21.0.9-win32-x86_64\bin\extnet.dll

JVMTI agents:
c:\Users\User\.vscode\extensions\redhat.java-1.51.0-win32-x64\lombok\lombok-1.18.39-4050.jar path:c:\Users\User\.vscode\extensions\redhat.java-1.51.0-win32-x64\jre\21.0.9-win32-x86_64\bin\instrument.dll, loaded, initialized, instrumentlib options:none

dbghelp: loaded successfully - version: 4.0.5 - missing functions: none
symbol engine: initialized successfully - sym options: 0x614 - pdb path: .;c:\Users\User\.vscode\extensions\redhat.java-1.51.0-win32-x64\jre\21.0.9-win32-x86_64\bin;C:\WINDOWS\SYSTEM32;C:\WINDOWS\WinSxS\amd64_microsoft.windows.common-controls_6595b64144ccf1df_6.0.26100.6899_none_3e0efeeae32e88c1;c:\Users\User\.vscode\extensions\redhat.java-1.51.0-win32-x64\jre\21.0.9-win32-x86_64\bin\server;C:\Program Files\Topaz OFD\Warsaw;C:\Users\User\AppData\Roaming\Code\User\globalStorage\redhat.java\1.51.0\config_win\org.eclipse.equinox.launcher\org.eclipse.equinox.launcher.win32.win32.x86_64_1.2.1400.v20250801-0854;C:\Users\User\AppData\Local\Temp\jna-2645995

VM Arguments:
jvm_args: --add-modules=ALL-SYSTEM --add-opens=java.base/java.util=ALL-UNNAMED --add-opens=java.base/java.lang=ALL-UNNAMED --add-opens=java.base/sun.nio.fs=ALL-UNNAMED -Declipse.application=org.eclipse.jdt.ls.core.id1 -Dosgi.bundles.defaultStartLevel=4 -Declipse.product=org.eclipse.jdt.ls.core.product -Djava.import.generatesMetadataFilesAtProjectRoot=false -DDetectVMInstallationsJob.disabled=true -Dfile.encoding=utf8 -XX:+UseParallelGC -XX:GCTimeRatio=4 -XX:AdaptiveSizePolicyWeight=90 -Dsun.zip.disableMemoryMapping=true -Xmx2G -Xms100m -Xlog:disable -javaagent:c:\Users\User\.vscode\extensions\redhat.java-1.51.0-win32-x64\lombok\lombok-1.18.39-4050.jar -XX:+HeapDumpOnOutOfMemoryError -XX:HeapDumpPath=c:\Users\User\AppData\Roaming\Code\User\workspaceStorage\28a83bfb09dcc60516987655fec6d5e9\redhat.java -Daether.dependencyCollector.impl=bf 
java_command: c:\Users\User\.vscode\extensions\redhat.java-1.51.0-win32-x64\server\plugins\org.eclipse.equinox.launcher_1.7.100.v20251111-0406.jar -configuration c:\Users\User\AppData\Roaming\Code\User\globalStorage\redhat.java\1.51.0\config_win -data c:\Users\User\AppData\Roaming\Code\User\workspaceStorage\28a83bfb09dcc60516987655fec6d5e9\redhat.java\jdt_ws --pipe=\\.\pipe\lsp-cc66c89c9fdb8bb0619c4a236f79aec9-sock
java_class_path (initial): c:\Users\User\.vscode\extensions\redhat.java-1.51.0-win32-x64\server\plugins\org.eclipse.equinox.launcher_1.7.100.v20251111-0406.jar
Launcher Type: SUN_STANDARD

[Global flags]
    uintx AdaptiveSizePolicyWeight                 = 90                                        {product} {command line}
     intx CICompilerCount                          = 12                                        {product} {ergonomic}
    uintx GCTimeRatio                              = 4                                         {product} {command line}
     bool HeapDumpOnOutOfMemoryError               = true                                   {manageable} {command line}
    ccstr HeapDumpPath                             = c:\Users\User\AppData\Roaming\Code\User\workspaceStorage\28a83bfb09dcc60516987655fec6d5e9\redhat.java         {manageable} {command line}
   size_t InitialHeapSize                          = 104857600                                 {product} {command line}
   size_t MaxHeapSize                              = 2147483648                                {product} {command line}
   size_t MaxNewSize                               = 715653120                                 {product} {ergonomic}
   size_t MinHeapDeltaBytes                        = 524288                                    {product} {ergonomic}
   size_t MinHeapSize                              = 104857600                                 {product} {command line}
   size_t NewSize                                  = 34603008                                  {product} {ergonomic}
    uintx NonNMethodCodeHeapSize                   = 7602480                                {pd product} {ergonomic}
    uintx NonProfiledCodeHeapSize                  = 122027880                              {pd product} {ergonomic}
   size_t OldSize                                  = 70254592                                  {product} {ergonomic}
    uintx ProfiledCodeHeapSize                     = 122027880                              {pd product} {ergonomic}
    uintx ReservedCodeCacheSize                    = 251658240                              {pd product} {ergonomic}
     bool SegmentedCodeCache                       = true                                      {product} {ergonomic}
   size_t SoftMaxHeapSize                          = 2147483648                             {manageable} {ergonomic}
     bool UseCompressedOops                        = true                           {product lp64_product} {ergonomic}
     bool UseLargePagesIndividualAllocation        = false                                  {pd product} {ergonomic}
     bool UseParallelGC                            = true                                      {product} {command line}

Logging:
Log output configuration:
 #0: stdout all=off uptime,level,tags foldmultilines=false
 #1: stderr all=off uptime,level,tags foldmultilines=false

Release file:
JAVA_VERSION="21.0.9" 
MODULES="java.base java.compiler java.datatransfer java.xml java.prefs java.desktop java.instrument java.logging java.management java.security.sasl java.naming java.rmi java.management.rmi java.net.http java.scripting java.security.jgss java.transaction.xa java.sql java.sql.rowset java.xml.crypto java.se java.smartcardio jdk.accessibility jdk.internal.jvmstat jdk.attach jdk.charsets jdk.internal.opt jdk.zipfs jdk.compiler jdk.crypto.ec jdk.crypto.cryptoki jdk.crypto.mscapi jdk.dynalink jdk.internal.ed jdk.editpad jdk.hotspot.agent jdk.httpserver jdk.internal.le jdk.internal.vm.ci jdk.internal.vm.compiler jdk.internal.vm.compiler.management jdk.jartool jdk.javadoc jdk.jcmd jdk.management jdk.management.agent jdk.jconsole jdk.jdeps jdk.jdwp.agent jdk.jdi jdk.jfr jdk.jshell jdk.jsobject jdk.jstatd jdk.localedata jdk.management.jfr jdk.naming.dns jdk.naming.rmi jdk.net jdk.nio.mapmode jdk.random jdk.sctp jdk.security.auth jdk.security.jgss jdk.unsupported jdk.unsupported.desktop jdk.xml.dom" 

Environment Variables:
JAVA_HOME=C:\Program Files\Java\jdk-21
PATH=C:\Program Files\Common Files\Oracle\Java\javapath;C:\WINDOWS\system32;C:\WINDOWS;C:\WINDOWS\System32\Wbem;C:\WINDOWS\System32\WindowsPowerShell\v1.0\;C:\WINDOWS\System32\OpenSSH\;C:\Program Files\dotnet\;C:\Program Files (x86)\NVIDIA Corporation\PhysX\Common;C:\Program Files\Git\cmd;C:\Supabase;C:\Program Files\Docker\Docker\resources\bin;C:\Program Files\nodejs\;C:\Users\User\scoop\shims;C:\Program Files\MySQL\MySQL Shell 8.0\bin\;C:\Users\User\AppData\Local\Microsoft\WindowsApps;C:\Program Files\Java\jdk-21\bin;C:\Program Files\Maven\apache-maven-3.9.11\bin;C:\Users\User\.dotnet\tools;C:\Supabase;C:\Users\User\AppData\Local\Programs\Microsoft VS Code\bin;C:\Users\User\.deno\bin;C:\Users\User\AppData\Roaming\npm;C:\Users\User\.dotnet\tools
USERNAME=User
OS=Windows_NT
PROCESSOR_IDENTIFIER=Intel64 Family 6 Model 183 Stepping 1, GenuineIntel
TMP=C:\Users\User\AppData\Local\Temp
TEMP=C:\Users\User\AppData\Local\Temp




Periodic native trim disabled

---------------  S Y S T E M  ---------------

OS:
 Windows 11 , 64 bit Build 26100 (10.0.26100.6725)
OS uptime: 3 days 10:36 hours
Hyper-V role detected

CPU: total 16 (initial active 16) (8 cores per cpu, 2 threads per core) family 6 model 183 stepping 1 microcode 0x12f, cx8, cmov, fxsr, ht, mmx, 3dnowpref, sse, sse2, sse3, ssse3, sse4.1, sse4.2, popcnt, lzcnt, tsc, tscinvbit, avx, avx2, aes, erms, clmul, bmi1, bmi2, adx, sha, fma, vzeroupper, clflush, clflushopt, clwb, hv, serialize, rdtscp, rdpid, fsrm, f16c, cet_ibt, cet_ss
Processor Information for processor 0
  Max Mhz: 2400, Current Mhz: 2400, Mhz Limit: 2400
Processor Information for processor 1
  Max Mhz: 2400, Current Mhz: 2400, Mhz Limit: 2400
Processor Information for processor 2
  Max Mhz: 2400, Current Mhz: 2400, Mhz Limit: 2400
Processor Information for processor 3
  Max Mhz: 2400, Current Mhz: 2400, Mhz Limit: 2400
Processor Information for processor 4
  Max Mhz: 2400, Current Mhz: 2400, Mhz Limit: 2400
Processor Information for processor 5
  Max Mhz: 2400, Current Mhz: 2400, Mhz Limit: 2400
Processor Information for processor 6
  Max Mhz: 2400, Current Mhz: 2400, Mhz Limit: 2400
Processor Information for processor 7
  Max Mhz: 2400, Current Mhz: 2400, Mhz Limit: 2400
Processor Information for processor 8
  Max Mhz: 2400, Current Mhz: 2400, Mhz Limit: 2400
Processor Information for processor 9
  Max Mhz: 2400, Current Mhz: 2400, Mhz Limit: 2400
Processor Information for processor 10
  Max Mhz: 2400, Current Mhz: 2400, Mhz Limit: 2400
Processor Information for processor 11
  Max Mhz: 2400, Current Mhz: 2400, Mhz Limit: 2400
Processor Information for processor 12
  Max Mhz: 2400, Current Mhz: 1466, Mhz Limit: 2400
Processor Information for processor 13
  Max Mhz: 2400, Current Mhz: 2400, Mhz Limit: 2400
Processor Information for processor 14
  Max Mhz: 2400, Current Mhz: 2400, Mhz Limit: 2400
Processor Information for processor 15
  Max Mhz: 2400, Current Mhz: 1466, Mhz Limit: 2400

Memory: 4k page, system-wide physical 7876M (521M free)
TotalPageFile size 32452M (AvailPageFile size 103M)
current process WorkingSet (physical memory assigned to process): 8M, peak: 725M
current process commit charge ("private bytes"): 952M, peak: 1843M

vm_info: OpenJDK 64-Bit Server VM (21.0.9+10-LTS) for windows-amd64 JRE (21.0.9+10-LTS), built on 2025-10-21T00:00:00Z by "admin" with unknown MS VC++:1942

END.
