#
# There is insufficient memory for the Java Runtime Environment to continue.
# Native memory allocation (malloc) failed to allocate 1223744 bytes. Error detail: Chunk::new
# Possible reasons:
#   The system is out of physical RAM or swap space
#   This process is running with CompressedOops enabled, and the Java Heap may be blocking the growth of the native heap
# Possible solutions:
#   Reduce memory load on the system
#   Increase physical memory or swap space
#   Check if swap backing store is full
#   Decrease Java heap size (-Xmx/-Xms)
#   Decrease number of Java threads
#   Decrease Java thread stack sizes (-Xss)
#   Set larger code cache with -XX:ReservedCodeCacheSize=
#   JVM is running with Unscaled Compressed Oops mode in which the Java heap is
#     placed in the first 4GB address space. The Java Heap base address is the
#     maximum limit for the native heap growth. Please use -XX:HeapBaseMinAddress
#     to set the Java Heap base and to place the Java Heap above 4GB virtual address.
# This output file may be truncated or incomplete.
#
#  Out of Memory Error (arena.cpp:168), pid=32164, tid=416
#
# JRE version: OpenJDK Runtime Environment Temurin-21.0.10+7 (21.0.10+7) (build 21.0.10+7-LTS)
# Java VM: OpenJDK 64-Bit Server VM Temurin-21.0.10+7 (21.0.10+7-LTS, mixed mode, sharing, tiered, compressed oops, compressed class ptrs, parallel gc, windows-amd64)
# No core dump will be written. Minidumps are not enabled by default on client versions of Windows
#

---------------  S U M M A R Y ------------

Command Line: --add-modules=ALL-SYSTEM --add-opens=java.base/java.util=ALL-UNNAMED --add-opens=java.base/java.lang=ALL-UNNAMED --add-opens=java.base/sun.nio.fs=ALL-UNNAMED -Declipse.application=org.eclipse.jdt.ls.core.id1 -Dosgi.bundles.defaultStartLevel=4 -Declipse.product=org.eclipse.jdt.ls.core.product -Djava.import.generatesMetadataFilesAtProjectRoot=false -DDetectVMInstallationsJob.disabled=true -Dfile.encoding=utf8 -XX:+UseParallelGC -XX:GCTimeRatio=4 -XX:AdaptiveSizePolicyWeight=90 -Dsun.zip.disableMemoryMapping=true -Xmx2G -Xms100m -Xlog:disable -javaagent:c:\Users\User\.vscode\extensions\redhat.java-1.54.0-win32-x64\lombok\lombok-1.18.39-4050.jar -XX:+HeapDumpOnOutOfMemoryError -XX:HeapDumpPath=c:\Users\User\AppData\Roaming\Code\User\workspaceStorage\28a83bfb09dcc60516987655fec6d5e9\redhat.java -Daether.dependencyCollector.impl=bf c:\Users\User\.vscode\extensions\redhat.java-1.54.0-win32-x64\server\plugins\org.eclipse.equinox.launcher_1.7.100.v20251111-0406.jar -configuration c:\Users\User\AppData\Roaming\Code\User\globalStorage\redhat.java\1.54.0\config_win -data c:\Users\User\AppData\Roaming\Code\User\workspaceStorage\28a83bfb09dcc60516987655fec6d5e9\redhat.java\jdt_ws --pipe=\\.\pipe\lsp-f1fb49f28f3b5162dd1047ae2321e0a1-sock

Host: 13th Gen Intel(R) Core(TM) i5-13450HX, 16 cores, 7G,  Windows 11 , 64 bit Build 26100 (10.0.26100.8328)
Time: Sat May 16 17:33:33 2026 Hora oficial do Brasil elapsed time: 2954.784620 seconds (0d 0h 49m 14s)

---------------  T H R E A D  ---------------

Current thread (0x00000170db5d2540):  JavaThread "C2 CompilerThread0" daemon [_thread_in_native, id=416, stack(0x00000052dff00000,0x00000052e0000000) (1024K)]


Current CompileTask:
C2:2954784 22722       4       org.eclipse.jdt.internal.compiler.lookup.Scope::findMethod0 (1612 bytes)

Stack: [0x00000052dff00000,0x00000052e0000000]
Native frames: (J=compiled Java code, j=interpreted, Vv=VM code, C=native code)
V  [jvm.dll+0x6d7a39]
V  [jvm.dll+0x8b4b26]
V  [jvm.dll+0x8b70de]
V  [jvm.dll+0x8b77c3]
V  [jvm.dll+0x284346]
V  [jvm.dll+0xc66ed]
V  [jvm.dll+0xc6c31]
V  [jvm.dll+0x3bec3b]
V  [jvm.dll+0x38b162]
V  [jvm.dll+0x38a5aa]
V  [jvm.dll+0x24c560]
V  [jvm.dll+0x24bb40]
V  [jvm.dll+0x1cb34e]
V  [jvm.dll+0x25b85d]
V  [jvm.dll+0x259dea]
V  [jvm.dll+0x3f857e]
V  [jvm.dll+0x85f59d]
V  [jvm.dll+0x6d626d]
C  [ucrtbase.dll+0x37b0]
C  [KERNEL32.DLL+0x2e957]
C  [ntdll.dll+0x427c]


---------------  P R O C E S S  ---------------

Threads class SMR info:
_java_thread_list=0x00000170e34791d0, length=63, elements={
0x0000017082504810, 0x0000017098fabbf0, 0x0000017098fadfc0, 0x00000170db5be0c0,
0x00000170db5c2750, 0x00000170db5c44e0, 0x00000170db5cb370, 0x00000170db5d2540,
0x00000170db5d4050, 0x00000170db83e8c0, 0x00000170db85f720, 0x00000170e17c3220,
0x00000170e17d2780, 0x00000170e1857050, 0x00000170e1904ae0, 0x00000170e1b18b80,
0x00000170e1242fb0, 0x00000170e170df10, 0x00000170e1a59520, 0x00000170e1a59bb0,
0x00000170e1a56730, 0x00000170e4b9f640, 0x00000170e4b9d570, 0x00000170e4b9fcd0,
0x00000170e4ba0360, 0x00000170e4b9dc00, 0x00000170e4b9cee0, 0x00000170e4ba09f0,
0x00000170e4b9efb0, 0x00000170e4ba1080, 0x00000170e4b9e920, 0x00000170e4b9e290,
0x00000170e4ba1710, 0x00000170e4ba2430, 0x00000170e4ba1da0, 0x00000170e4ba2ac0,
0x00000170e4ba4500, 0x00000170e4ba3150, 0x00000170e4ba3e70, 0x00000170e57a23e0,
0x00000170e57a3e20, 0x00000170e59d9190, 0x00000170e59d7de0, 0x00000170e59d8b00,
0x00000170e59dcca0, 0x00000170e59dabd0, 0x00000170e59d9820, 0x00000170e59d9eb0,
0x00000170e59dd9c0, 0x00000170e59df400, 0x00000170e59de6e0, 0x00000170e59ded70,
0x00000170db6a1be0, 0x00000170db6a2270, 0x00000170db6a0ec0, 0x00000170db6a0830,
0x00000170db6a6aa0, 0x00000170db6a3620, 0x00000170db6a3cb0, 0x00000170e57a1030,
0x00000170e57a6580, 0x00000170e57a6c10, 0x00000170e5fbba00
}

Java Threads: ( => current thread )
  0x0000017082504810 JavaThread "main"                              [_thread_blocked, id=3972, stack(0x00000052df500000,0x00000052df600000) (1024K)]
  0x0000017098fabbf0 JavaThread "Reference Handler"          daemon [_thread_blocked, id=17824, stack(0x00000052df900000,0x00000052dfa00000) (1024K)]
  0x0000017098fadfc0 JavaThread "Finalizer"                  daemon [_thread_blocked, id=8108, stack(0x00000052dfa00000,0x00000052dfb00000) (1024K)]
  0x00000170db5be0c0 JavaThread "Signal Dispatcher"          daemon [_thread_blocked, id=33228, stack(0x00000052dfb00000,0x00000052dfc00000) (1024K)]
  0x00000170db5c2750 JavaThread "Attach Listener"            daemon [_thread_blocked, id=32920, stack(0x00000052dfc00000,0x00000052dfd00000) (1024K)]
  0x00000170db5c44e0 JavaThread "Service Thread"             daemon [_thread_blocked, id=22592, stack(0x00000052dfd00000,0x00000052dfe00000) (1024K)]
  0x00000170db5cb370 JavaThread "Monitor Deflation Thread"   daemon [_thread_blocked, id=32072, stack(0x00000052dfe00000,0x00000052dff00000) (1024K)]
=>0x00000170db5d2540 JavaThread "C2 CompilerThread0"         daemon [_thread_in_native, id=416, stack(0x00000052dff00000,0x00000052e0000000) (1024K)]
  0x00000170db5d4050 JavaThread "C1 CompilerThread0"         daemon [_thread_blocked, id=31948, stack(0x00000052e0000000,0x00000052e0100000) (1024K)]
  0x00000170db83e8c0 JavaThread "Common-Cleaner"             daemon [_thread_blocked, id=11112, stack(0x00000052e0400000,0x00000052e0500000) (1024K)]
  0x00000170db85f720 JavaThread "Notification Thread"        daemon [_thread_blocked, id=27068, stack(0x00000052e0500000,0x00000052e0600000) (1024K)]
  0x00000170e17c3220 JavaThread "Active Thread: Equinox Container: 1dadaa3f-9b59-4606-a176-5b5eacb4c23a"        [_thread_blocked, id=30584, stack(0x00000052e0300000,0x00000052e0400000) (1024K)]
  0x00000170e17d2780 JavaThread "Refresh Thread: Equinox Container: 1dadaa3f-9b59-4606-a176-5b5eacb4c23a" daemon [_thread_blocked, id=28772, stack(0x00000052e0d00000,0x00000052e0e00000) (1024K)]
  0x00000170e1857050 JavaThread "Framework Event Dispatcher: Equinox Container: 1dadaa3f-9b59-4606-a176-5b5eacb4c23a" daemon [_thread_blocked, id=2996, stack(0x00000052e0e00000,0x00000052e0f00000) (1024K)]
  0x00000170e1904ae0 JavaThread "Start Level: Equinox Container: 1dadaa3f-9b59-4606-a176-5b5eacb4c23a" daemon [_thread_blocked, id=26660, stack(0x00000052e0f00000,0x00000052e1000000) (1024K)]
  0x00000170e1b18b80 JavaThread "Bundle File Closer"         daemon [_thread_blocked, id=24732, stack(0x00000052e1300000,0x00000052e1400000) (1024K)]
  0x00000170e1242fb0 JavaThread "SCR Component Actor"        daemon [_thread_blocked, id=25620, stack(0x00000052e0200000,0x00000052e0300000) (1024K)]
  0x00000170e170df10 JavaThread "Worker-JM"                         [_thread_blocked, id=12312, stack(0x00000052e1400000,0x00000052e1500000) (1024K)]
  0x00000170e1a59520 JavaThread "JNA Cleaner"                daemon [_thread_blocked, id=13248, stack(0x00000052e1700000,0x00000052e1800000) (1024K)]
  0x00000170e1a59bb0 JavaThread "Java indexing"              daemon [_thread_blocked, id=18084, stack(0x00000052e1f00000,0x00000052e2000000) (1024K)]
  0x00000170e1a56730 JavaThread "Thread-1"                   daemon [_thread_in_native, id=33248, stack(0x00000052e2600000,0x00000052e2700000) (1024K)]
  0x00000170e4b9f640 JavaThread "Thread-2"                   daemon [_thread_in_native, id=11944, stack(0x00000052e2700000,0x00000052e2800000) (1024K)]
  0x00000170e4b9d570 JavaThread "Thread-3"                   daemon [_thread_in_native, id=11116, stack(0x00000052e2800000,0x00000052e2900000) (1024K)]
  0x00000170e4b9fcd0 JavaThread "Thread-4"                   daemon [_thread_in_native, id=27760, stack(0x00000052e2900000,0x00000052e2a00000) (1024K)]
  0x00000170e4ba0360 JavaThread "Thread-5"                   daemon [_thread_in_native, id=15148, stack(0x00000052e2a00000,0x00000052e2b00000) (1024K)]
  0x00000170e4b9dc00 JavaThread "Thread-6"                   daemon [_thread_in_native, id=27308, stack(0x00000052e2b00000,0x00000052e2c00000) (1024K)]
  0x00000170e4b9cee0 JavaThread "Thread-7"                   daemon [_thread_in_native, id=32240, stack(0x00000052e2c00000,0x00000052e2d00000) (1024K)]
  0x00000170e4ba09f0 JavaThread "Thread-8"                   daemon [_thread_in_native, id=32060, stack(0x00000052e2d00000,0x00000052e2e00000) (1024K)]
  0x00000170e4b9efb0 JavaThread "Thread-9"                   daemon [_thread_in_native, id=31628, stack(0x00000052e2e00000,0x00000052e2f00000) (1024K)]
  0x00000170e4ba1080 JavaThread "Thread-10"                  daemon [_thread_in_native, id=29492, stack(0x00000052e2f00000,0x00000052e3000000) (1024K)]
  0x00000170e4b9e920 JavaThread "Thread-11"                  daemon [_thread_in_native, id=24128, stack(0x00000052e3000000,0x00000052e3100000) (1024K)]
  0x00000170e4b9e290 JavaThread "Thread-12"                  daemon [_thread_in_native, id=10500, stack(0x00000052e3100000,0x00000052e3200000) (1024K)]
  0x00000170e4ba1710 JavaThread "Thread-13"                  daemon [_thread_in_native, id=32856, stack(0x00000052e3200000,0x00000052e3300000) (1024K)]
  0x00000170e4ba2430 JavaThread "Thread-14"                  daemon [_thread_in_native, id=18928, stack(0x00000052e3300000,0x00000052e3400000) (1024K)]
  0x00000170e4ba1da0 JavaThread "Thread-15"                  daemon [_thread_in_native, id=27576, stack(0x00000052e3400000,0x00000052e3500000) (1024K)]
  0x00000170e4ba2ac0 JavaThread "Thread-16"                  daemon [_thread_in_native, id=21716, stack(0x00000052e3500000,0x00000052e3600000) (1024K)]
  0x00000170e4ba4500 JavaThread "Thread-17"                  daemon [_thread_in_native, id=29244, stack(0x00000052e3600000,0x00000052e3700000) (1024K)]
  0x00000170e4ba3150 JavaThread "pool-2-thread-1"                   [_thread_blocked, id=28928, stack(0x00000052e3700000,0x00000052e3800000) (1024K)]
  0x00000170e4ba3e70 JavaThread "WorkspaceEventsHandler"            [_thread_blocked, id=30020, stack(0x00000052e3800000,0x00000052e3900000) (1024K)]
  0x00000170e57a23e0 JavaThread "pool-1-thread-1"                   [_thread_blocked, id=25980, stack(0x00000052e3900000,0x00000052e3a00000) (1024K)]
  0x00000170e57a3e20 JavaThread "Cleaner-0"                  daemon [_thread_blocked, id=27656, stack(0x00000052e2000000,0x00000052e2100000) (1024K)]
  0x00000170e59d9190 JavaThread "Worker-19"                         [_thread_blocked, id=3084, stack(0x00000052df400000,0x00000052df500000) (1024K)]
  0x00000170e59d7de0 JavaThread "Worker-22"                         [_thread_blocked, id=10628, stack(0x00000052e0100000,0x00000052e0200000) (1024K)]
  0x00000170e59d8b00 JavaThread "Worker-23"                         [_thread_blocked, id=17316, stack(0x00000052df300000,0x00000052df400000) (1024K)]
  0x00000170e59dcca0 JavaThread "Worker-25"                         [_thread_blocked, id=34752, stack(0x00000052e1900000,0x00000052e1a00000) (1024K)]
  0x00000170e59dabd0 JavaThread "Compiler Source File Reader" daemon [_thread_blocked, id=33312, stack(0x00000052e1a00000,0x00000052e1b00000) (1024K)]
  0x00000170e59d9820 JavaThread "Compiler Source File Reader" daemon [_thread_blocked, id=33136, stack(0x00000052e1b00000,0x00000052e1c00000) (1024K)]
  0x00000170e59d9eb0 JavaThread "Compiler Source File Reader" daemon [_thread_blocked, id=17132, stack(0x00000052e1d00000,0x00000052e1e00000) (1024K)]
  0x00000170e59dd9c0 JavaThread "Compiler Source File Reader" daemon [_thread_blocked, id=1960, stack(0x00000052e1e00000,0x00000052e1f00000) (1024K)]
  0x00000170e59df400 JavaThread "Compiler Source File Reader" daemon [_thread_blocked, id=34032, stack(0x00000052e2200000,0x00000052e2300000) (1024K)]
  0x00000170e59de6e0 JavaThread "Compiler Source File Reader" daemon [_thread_blocked, id=30620, stack(0x00000052e2300000,0x00000052e2400000) (1024K)]
  0x00000170e59ded70 JavaThread "Compiler Source File Reader" daemon [_thread_blocked, id=32948, stack(0x00000052e2400000,0x00000052e2500000) (1024K)]
  0x00000170db6a1be0 JavaThread "Compiler Source File Reader" daemon [_thread_blocked, id=21352, stack(0x00000052e2500000,0x00000052e2600000) (1024K)]
  0x00000170db6a2270 JavaThread "Compiler Source File Reader" daemon [_thread_blocked, id=25928, stack(0x00000052e3a00000,0x00000052e3b00000) (1024K)]
  0x00000170db6a0ec0 JavaThread "Worker-26"                         [_thread_blocked, id=30048, stack(0x00000052e3b00000,0x00000052e3c00000) (1024K)]
  0x00000170db6a0830 JavaThread "Compiler Source File Reader" daemon [_thread_blocked, id=33708, stack(0x00000052e3e00000,0x00000052e3f00000) (1024K)]
  0x00000170db6a6aa0 JavaThread "Compiler Source File Reader" daemon [_thread_blocked, id=31232, stack(0x00000052e3f00000,0x00000052e4000000) (1024K)]
  0x00000170db6a3620 JavaThread "Compiler Source File Reader" daemon [_thread_blocked, id=25668, stack(0x00000052e4000000,0x00000052e4100000) (1024K)]
  0x00000170db6a3cb0 JavaThread "Worker-27"                         [_thread_blocked, id=33960, stack(0x00000052e4200000,0x00000052e4300000) (1024K)]
  0x00000170e57a1030 JavaThread "ForkJoinPool.commonPool-worker-32" daemon [_thread_in_Java, id=22936, stack(0x00000052e3d00000,0x00000052e3e00000) (1024K)]
  0x00000170e57a6580 JavaThread "ForkJoinPool.commonPool-worker-33" daemon [_thread_blocked, id=23356, stack(0x00000052e1800000,0x00000052e1900000) (1024K)]
  0x00000170e57a6c10 JavaThread "ForkJoinPool.commonPool-worker-34" daemon [_thread_in_native, id=32484, stack(0x00000052e1c00000,0x00000052e1d00000) (1024K)]
  0x00000170e5fbba00 JavaThread "C2 CompilerThread1"         daemon [_thread_blocked, id=15888, stack(0x00000052df200000,0x00000052df300000) (1024K)]
Total: 63

Other Threads:
  0x0000017098f949f0 VMThread "VM Thread"                           [id=32968, stack(0x00000052df800000,0x00000052df900000) (1024K)]
  0x0000017098e8ca10 WatcherThread "VM Periodic Task Thread"        [id=33648, stack(0x00000052df700000,0x00000052df800000) (1024K)]
  0x0000017082522df0 WorkerThread "GC Thread#0"                     [id=33468, stack(0x00000052df600000,0x00000052df700000) (1024K)]
  0x00000170e1676210 WorkerThread "GC Thread#1"                     [id=33680, stack(0x00000052e0600000,0x00000052e0700000) (1024K)]
  0x00000170e1670150 WorkerThread "GC Thread#2"                     [id=31624, stack(0x00000052e0700000,0x00000052e0800000) (1024K)]
  0x00000170e1670500 WorkerThread "GC Thread#3"                     [id=23800, stack(0x00000052e0800000,0x00000052e0900000) (1024K)]
  0x00000170e16708b0 WorkerThread "GC Thread#4"                     [id=33120, stack(0x00000052e0900000,0x00000052e0a00000) (1024K)]
  0x00000170e166f9f0 WorkerThread "GC Thread#5"                     [id=33400, stack(0x00000052e0a00000,0x00000052e0b00000) (1024K)]
  0x00000170e1670c60 WorkerThread "GC Thread#6"                     [id=27544, stack(0x00000052e0b00000,0x00000052e0c00000) (1024K)]
  0x00000170e16713c0 WorkerThread "GC Thread#7"                     [id=1908, stack(0x00000052e0c00000,0x00000052e0d00000) (1024K)]
  0x00000170e166fda0 WorkerThread "GC Thread#8"                     [id=33304, stack(0x00000052e1000000,0x00000052e1100000) (1024K)]
  0x00000170e1cbb1e0 WorkerThread "GC Thread#9"                     [id=32216, stack(0x00000052e1100000,0x00000052e1200000) (1024K)]
  0x00000170e1cbb940 WorkerThread "GC Thread#10"                    [id=11864, stack(0x00000052e1200000,0x00000052e1300000) (1024K)]
  0x00000170e1cb9bc0 WorkerThread "GC Thread#11"                    [id=32468, stack(0x00000052e1500000,0x00000052e1600000) (1024K)]
  0x00000170e1cb9810 WorkerThread "GC Thread#12"                    [id=12104, stack(0x00000052e1600000,0x00000052e1700000) (1024K)]
Total: 15

Threads with active compile tasks:
C2 CompilerThread0  2954848 22722       4       org.eclipse.jdt.internal.compiler.lookup.Scope::findMethod0 (1612 bytes)
Total: 1

VM state: not at safepoint (normal execution)

VM Mutex/Monitor currently owned by a thread: None

Heap address: 0x0000000080000000, size: 2048 MB, Compressed Oops mode: 32-bit

CDS archive(s) mapped at: [0x0000017099000000-0x0000017099ba0000-0x0000017099ba0000), size 12189696, SharedBaseAddress: 0x0000017099000000, ArchiveRelocationMode: 1.
Compressed class space mapped at: 0x000001709a000000-0x00000170da000000, reserved size: 1073741824
Narrow klass base: 0x0000017099000000, Narrow klass shift: 0, Narrow klass range: 0x100000000

GC Precious Log:
 CardTable entry size: 512
 CPUs: 16 total, 16 available
 Memory: 7876M
 Large Page Support: Disabled
 NUMA Support: Disabled
 Compressed Oops: Enabled (32-bit)
 Alignments: Space 512K, Generation 512K, Heap 2M
 Heap Min Capacity: 100M
 Heap Initial Capacity: 100M
 Heap Max Capacity: 2G
 Pre-touch: Disabled
 Parallel Workers: 13

Heap:
 PSYoungGen      total 25088K, used 22262K [0x00000000d5580000, 0x00000000d7400000, 0x0000000100000000)
  eden space 22016K, 89% used [0x00000000d5580000,0x00000000d68bb358,0x00000000d6b00000)
  from space 3072K, 83% used [0x00000000d7000000,0x00000000d72826c0,0x00000000d7300000)
  to   space 1024K, 0% used [0x00000000d7300000,0x00000000d7300000,0x00000000d7400000)
 ParOldGen       total 915968K, used 521882K [0x0000000080000000, 0x00000000b7e80000, 0x00000000d5580000)
  object space 915968K, 56% used [0x0000000080000000,0x000000009fda68e8,0x00000000b7e80000)
 Metaspace       used 81980K, committed 83968K, reserved 1179648K
  class space    used 8057K, committed 8960K, reserved 1048576K

Card table byte_map: [0x0000017081ea0000,0x00000170822b0000] _byte_map_base: 0x0000017081aa0000

Marking Bits: (ParMarkBitMap*) 0x00007ffa1ad63450
 Begin Bits: [0x00000170949b0000, 0x00000170969b0000)
 End Bits:   [0x00000170969b0000, 0x00000170989b0000)

Polling page: 0x00000170806e0000

Metaspace:

Usage:
  Non-class:     72.19 MB used.
      Class:      7.87 MB used.
       Both:     80.06 MB used.

Virtual space:
  Non-class space:      128.00 MB reserved,      73.25 MB ( 57%) committed,  2 nodes.
      Class space:        1.00 GB reserved,       8.75 MB ( <1%) committed,  1 nodes.
             Both:        1.12 GB reserved,      82.00 MB (  7%) committed. 

Chunk freelists:
   Non-Class:  6.42 MB
       Class:  7.27 MB
        Both:  13.69 MB

MaxMetaspaceSize: unlimited
CompressedClassSpaceSize: 1.00 GB
Initial GC threshold: 21.00 MB
Current GC threshold: 135.88 MB
CDS: on
 - commit_granule_bytes: 65536.
 - commit_granule_words: 8192.
 - virtual_space_node_default_size: 8388608.
 - enlarge_chunks_in_place: 1.
 - use_allocation_guard: 0.


Internal statistics:

num_allocs_failed_limit: 17.
num_arena_births: 1716.
num_arena_deaths: 332.
num_vsnodes_births: 3.
num_vsnodes_deaths: 0.
num_space_committed: 1312.
num_space_uncommitted: 0.
num_chunks_returned_to_freelist: 399.
num_chunks_taken_from_freelist: 5838.
num_chunk_merges: 106.
num_chunk_splits: 3557.
num_chunks_enlarged: 2002.
num_inconsistent_stats: 0.

CodeHeap 'non-profiled nmethods': size=119168Kb used=21477Kb max_used=21669Kb free=97690Kb
 bounds [0x000001708d2a0000, 0x000001708e7d0000, 0x0000017094700000]
CodeHeap 'profiled nmethods': size=119104Kb used=45898Kb max_used=52078Kb free=73205Kb
 bounds [0x0000017085700000, 0x00000170889e0000, 0x000001708cb50000]
CodeHeap 'non-nmethods': size=7488Kb used=1488Kb max_used=3241Kb free=6000Kb
 bounds [0x000001708cb50000, 0x000001708ced0000, 0x000001708d2a0000]
CodeCache: size=245760Kb, used=68863Kb, max_used=76988Kb, free=176895Kb
 total_blobs=19217, nmethods=18412, adapters=704, full_count=0
Compilation: enabled, stopped_count=0, restarted_count=0

Compilation events (20 events):
Event: 2953.730 Thread 0x00000170e5fbba00 nmethod 22731 0x000001708db19310 code [0x000001708db194a0, 0x000001708db19698]
Event: 2953.730 Thread 0x00000170e5fbba00 22736       4       org.eclipse.jdt.core.dom.ASTNode$NodeList::add (127 bytes)
Event: 2953.732 Thread 0x00000170db5d4050 nmethod 22733 0x0000017086fe6d10 code [0x0000017086fe6f00, 0x0000017086fe7268]
Event: 2953.732 Thread 0x00000170db5d4050 22734       3       org.eclipse.jdt.core.dom.MethodDeclaration::resolveBinding (12 bytes)
Event: 2953.735 Thread 0x00000170db5d4050 nmethod 22734 0x000001708688cf10 code [0x000001708688d0c0, 0x000001708688d2c0]
Event: 2953.735 Thread 0x00000170db5d4050 22735  s    3       org.eclipse.jdt.core.dom.DefaultBindingResolver::resolveMethod (89 bytes)
Event: 2953.738 Thread 0x00000170db5d4050 nmethod 22735 0x0000017085b7c590 code [0x0000017085b7c800, 0x0000017085b7d518]
Event: 2953.739 Thread 0x00000170db5d4050 22737       3       org.eclipse.jdt.core.dom.DefaultASTVisitor::visit (6 bytes)
Event: 2953.741 Thread 0x00000170db5d4050 nmethod 22737 0x00000170868a5d90 code [0x00000170868a5f40, 0x00000170868a6108]
Event: 2953.741 Thread 0x00000170db5d4050 22738       3       org.eclipse.jdt.core.dom.DefaultASTVisitor::endVisit (6 bytes)
Event: 2953.742 Thread 0x00000170db5d4050 nmethod 22738 0x00000170868b2d10 code [0x00000170868b2ec0, 0x00000170868b3088]
Event: 2953.744 Thread 0x00000170db5d4050 22739       3       org.eclipse.jdt.core.dom.ASTRecoveryPropagator::markIncludedProblems (366 bytes)
Event: 2953.745 Thread 0x00000170db5d4050 nmethod 22739 0x0000017086bcce90 code [0x0000017086bcd060, 0x0000017086bcdb48]
Event: 2953.745 Thread 0x00000170db5d4050 22741       3       org.eclipse.jdt.core.dom.DefaultASTVisitor::endVisit (6 bytes)
Event: 2953.746 Thread 0x00000170db5d4050 nmethod 22741 0x00000170868f0a90 code [0x00000170868f0c40, 0x00000170868f0e08]
Event: 2953.746 Thread 0x00000170db5d4050 22742       3       org.eclipse.jdt.internal.compiler.ast.ReferenceExpression::cleanUp (80 bytes)
Event: 2953.748 Thread 0x00000170db5d4050 nmethod 22742 0x00000170860ebb90 code [0x00000170860ebda0, 0x00000170860ec528]
Event: 2953.752 Thread 0x00000170db5d4050 22743       3       org.eclipse.jdt.internal.corext.dom.GenericVisitor::endVisit (6 bytes)
Event: 2953.767 Thread 0x00000170e5fbba00 nmethod 22736 0x000001708db16b90 code [0x000001708db16e20, 0x000001708db186c0]
Event: 2953.767 Thread 0x00000170db5d4050 nmethod 22743 0x0000017086a16410 code [0x0000017086a165c0, 0x0000017086a167a0]

GC Heap History (20 events):
Event: 2755.030 GC heap before
{Heap before GC invocations=625 (full 5):
 PSYoungGen      total 24576K, used 22905K [0x00000000d5580000, 0x00000000d7a00000, 0x0000000100000000)
  eden space 22016K, 100% used [0x00000000d5580000,0x00000000d6b00000,0x00000000d6b00000)
  from space 2560K, 34% used [0x00000000d7500000,0x00000000d75de410,0x00000000d7780000)
  to   space 1536K, 0% used [0x00000000d7880000,0x00000000d7880000,0x00000000d7a00000)
 ParOldGen       total 915968K, used 506230K [0x0000000080000000, 0x00000000b7e80000, 0x00000000d5580000)
  object space 915968K, 55% used [0x0000000080000000,0x000000009ee5d900,0x00000000b7e80000)
 Metaspace       used 81836K, committed 83840K, reserved 1179648K
  class space    used 8054K, committed 8960K, reserved 1048576K
}
Event: 2755.033 GC heap after
{Heap after GC invocations=625 (full 5):
 PSYoungGen      total 23552K, used 1321K [0x00000000d5580000, 0x00000000d7a00000, 0x0000000100000000)
  eden space 22016K, 0% used [0x00000000d5580000,0x00000000d5580000,0x00000000d6b00000)
  from space 1536K, 86% used [0x00000000d7880000,0x00000000d79ca400,0x00000000d7a00000)
  to   space 1536K, 0% used [0x00000000d7700000,0x00000000d7700000,0x00000000d7880000)
 ParOldGen       total 915968K, used 506933K [0x0000000080000000, 0x00000000b7e80000, 0x00000000d5580000)
  object space 915968K, 55% used [0x0000000080000000,0x000000009ef0d768,0x00000000b7e80000)
 Metaspace       used 81836K, committed 83840K, reserved 1179648K
  class space    used 8054K, committed 8960K, reserved 1048576K
}
Event: 2828.392 GC heap before
{Heap before GC invocations=626 (full 5):
 PSYoungGen      total 23552K, used 23336K [0x00000000d5580000, 0x00000000d7a00000, 0x0000000100000000)
  eden space 22016K, 99% used [0x00000000d5580000,0x00000000d6affff8,0x00000000d6b00000)
  from space 1536K, 86% used [0x00000000d7880000,0x00000000d79ca400,0x00000000d7a00000)
  to   space 1536K, 0% used [0x00000000d7700000,0x00000000d7700000,0x00000000d7880000)
 ParOldGen       total 915968K, used 506933K [0x0000000080000000, 0x00000000b7e80000, 0x00000000d5580000)
  object space 915968K, 55% used [0x0000000080000000,0x000000009ef0d768,0x00000000b7e80000)
 Metaspace       used 81862K, committed 83840K, reserved 1179648K
  class space    used 8057K, committed 8960K, reserved 1048576K
}
Event: 2828.517 GC heap after
{Heap after GC invocations=626 (full 5):
 PSYoungGen      total 23552K, used 1497K [0x00000000d5580000, 0x00000000d7900000, 0x0000000100000000)
  eden space 22016K, 0% used [0x00000000d5580000,0x00000000d5580000,0x00000000d6b00000)
  from space 1536K, 97% used [0x00000000d7700000,0x00000000d7876410,0x00000000d7880000)
  to   space 512K, 0% used [0x00000000d7880000,0x00000000d7880000,0x00000000d7900000)
 ParOldGen       total 915968K, used 507995K [0x0000000080000000, 0x00000000b7e80000, 0x00000000d5580000)
  object space 915968K, 55% used [0x0000000080000000,0x000000009f016d50,0x00000000b7e80000)
 Metaspace       used 81862K, committed 83840K, reserved 1179648K
  class space    used 8057K, committed 8960K, reserved 1048576K
}
Event: 2829.149 GC heap before
{Heap before GC invocations=627 (full 5):
 PSYoungGen      total 23552K, used 23513K [0x00000000d5580000, 0x00000000d7900000, 0x0000000100000000)
  eden space 22016K, 100% used [0x00000000d5580000,0x00000000d6b00000,0x00000000d6b00000)
  from space 1536K, 97% used [0x00000000d7700000,0x00000000d7876410,0x00000000d7880000)
  to   space 512K, 0% used [0x00000000d7880000,0x00000000d7880000,0x00000000d7900000)
 ParOldGen       total 915968K, used 507995K [0x0000000080000000, 0x00000000b7e80000, 0x00000000d5580000)
  object space 915968K, 55% used [0x0000000080000000,0x000000009f016d50,0x00000000b7e80000)
 Metaspace       used 81862K, committed 83840K, reserved 1179648K
  class space    used 8057K, committed 8960K, reserved 1048576K
}
Event: 2829.158 GC heap after
{Heap after GC invocations=627 (full 5):
 PSYoungGen      total 22528K, used 489K [0x00000000d5580000, 0x00000000d7900000, 0x0000000100000000)
  eden space 22016K, 0% used [0x00000000d5580000,0x00000000d5580000,0x00000000d6b00000)
  from space 512K, 95% used [0x00000000d7880000,0x00000000d78fa400,0x00000000d7900000)
  to   space 4096K, 0% used [0x00000000d7100000,0x00000000d7100000,0x00000000d7500000)
 ParOldGen       total 915968K, used 510779K [0x0000000080000000, 0x00000000b7e80000, 0x00000000d5580000)
  object space 915968K, 55% used [0x0000000080000000,0x000000009f2ceee8,0x00000000b7e80000)
 Metaspace       used 81862K, committed 83840K, reserved 1179648K
  class space    used 8057K, committed 8960K, reserved 1048576K
}
Event: 2849.459 GC heap before
{Heap before GC invocations=628 (full 5):
 PSYoungGen      total 22528K, used 22505K [0x00000000d5580000, 0x00000000d7900000, 0x0000000100000000)
  eden space 22016K, 100% used [0x00000000d5580000,0x00000000d6b00000,0x00000000d6b00000)
  from space 512K, 95% used [0x00000000d7880000,0x00000000d78fa400,0x00000000d7900000)
  to   space 4096K, 0% used [0x00000000d7100000,0x00000000d7100000,0x00000000d7500000)
 ParOldGen       total 915968K, used 510779K [0x0000000080000000, 0x00000000b7e80000, 0x00000000d5580000)
  object space 915968K, 55% used [0x0000000080000000,0x000000009f2ceee8,0x00000000b7e80000)
 Metaspace       used 81888K, committed 83904K, reserved 1179648K
  class space    used 8057K, committed 8960K, reserved 1048576K
}
Event: 2849.462 GC heap after
{Heap after GC invocations=628 (full 5):
 PSYoungGen      total 26112K, used 2410K [0x00000000d5580000, 0x00000000d7900000, 0x0000000100000000)
  eden space 22016K, 0% used [0x00000000d5580000,0x00000000d5580000,0x00000000d6b00000)
  from space 4096K, 58% used [0x00000000d7100000,0x00000000d735abe0,0x00000000d7500000)
  to   space 3072K, 0% used [0x00000000d7600000,0x00000000d7600000,0x00000000d7900000)
 ParOldGen       total 915968K, used 511276K [0x0000000080000000, 0x00000000b7e80000, 0x00000000d5580000)
  object space 915968K, 55% used [0x0000000080000000,0x000000009f34b2e8,0x00000000b7e80000)
 Metaspace       used 81888K, committed 83904K, reserved 1179648K
  class space    used 8057K, committed 8960K, reserved 1048576K
}
Event: 2849.565 GC heap before
{Heap before GC invocations=629 (full 5):
 PSYoungGen      total 26112K, used 24426K [0x00000000d5580000, 0x00000000d7900000, 0x0000000100000000)
  eden space 22016K, 100% used [0x00000000d5580000,0x00000000d6b00000,0x00000000d6b00000)
  from space 4096K, 58% used [0x00000000d7100000,0x00000000d735abe0,0x00000000d7500000)
  to   space 3072K, 0% used [0x00000000d7600000,0x00000000d7600000,0x00000000d7900000)
 ParOldGen       total 915968K, used 511276K [0x0000000080000000, 0x00000000b7e80000, 0x00000000d5580000)
  object space 915968K, 55% used [0x0000000080000000,0x000000009f34b2e8,0x00000000b7e80000)
 Metaspace       used 81889K, committed 83904K, reserved 1179648K
  class space    used 8057K, committed 8960K, reserved 1048576K
}
Event: 2849.577 GC heap after
{Heap after GC invocations=629 (full 5):
 PSYoungGen      total 24576K, used 2314K [0x00000000d5580000, 0x00000000d7880000, 0x0000000100000000)
  eden space 22016K, 0% used [0x00000000d5580000,0x00000000d5580000,0x00000000d6b00000)
  from space 2560K, 90% used [0x00000000d7600000,0x00000000d7842be0,0x00000000d7880000)
  to   space 2560K, 0% used [0x00000000d7380000,0x00000000d7380000,0x00000000d7600000)
 ParOldGen       total 915968K, used 513409K [0x0000000080000000, 0x00000000b7e80000, 0x00000000d5580000)
  object space 915968K, 56% used [0x0000000080000000,0x000000009f560428,0x00000000b7e80000)
 Metaspace       used 81889K, committed 83904K, reserved 1179648K
  class space    used 8057K, committed 8960K, reserved 1048576K
}
Event: 2894.110 GC heap before
{Heap before GC invocations=630 (full 5):
 PSYoungGen      total 24576K, used 24330K [0x00000000d5580000, 0x00000000d7880000, 0x0000000100000000)
  eden space 22016K, 100% used [0x00000000d5580000,0x00000000d6b00000,0x00000000d6b00000)
  from space 2560K, 90% used [0x00000000d7600000,0x00000000d7842be0,0x00000000d7880000)
  to   space 2560K, 0% used [0x00000000d7380000,0x00000000d7380000,0x00000000d7600000)
 ParOldGen       total 915968K, used 513409K [0x0000000080000000, 0x00000000b7e80000, 0x00000000d5580000)
  object space 915968K, 56% used [0x0000000080000000,0x000000009f560428,0x00000000b7e80000)
 Metaspace       used 81898K, committed 83904K, reserved 1179648K
  class space    used 8057K, committed 8960K, reserved 1048576K
}
Event: 2894.202 GC heap after
{Heap after GC invocations=630 (full 5):
 PSYoungGen      total 24064K, used 1801K [0x00000000d5580000, 0x00000000d7680000, 0x0000000100000000)
  eden space 22016K, 0% used [0x00000000d5580000,0x00000000d5580000,0x00000000d6b00000)
  from space 2048K, 87% used [0x00000000d7380000,0x00000000d7542400,0x00000000d7580000)
  to   space 1024K, 0% used [0x00000000d7580000,0x00000000d7580000,0x00000000d7680000)
 ParOldGen       total 915968K, used 515522K [0x0000000080000000, 0x00000000b7e80000, 0x00000000d5580000)
  object space 915968K, 56% used [0x0000000080000000,0x000000009f770ab8,0x00000000b7e80000)
 Metaspace       used 81898K, committed 83904K, reserved 1179648K
  class space    used 8057K, committed 8960K, reserved 1048576K
}
Event: 2905.794 GC heap before
{Heap before GC invocations=631 (full 5):
 PSYoungGen      total 24064K, used 23817K [0x00000000d5580000, 0x00000000d7680000, 0x0000000100000000)
  eden space 22016K, 100% used [0x00000000d5580000,0x00000000d6b00000,0x00000000d6b00000)
  from space 2048K, 87% used [0x00000000d7380000,0x00000000d7542400,0x00000000d7580000)
  to   space 1024K, 0% used [0x00000000d7580000,0x00000000d7580000,0x00000000d7680000)
 ParOldGen       total 915968K, used 515522K [0x0000000080000000, 0x00000000b7e80000, 0x00000000d5580000)
  object space 915968K, 56% used [0x0000000080000000,0x000000009f770ab8,0x00000000b7e80000)
 Metaspace       used 81901K, committed 83904K, reserved 1179648K
  class space    used 8057K, committed 8960K, reserved 1048576K
}
Event: 2905.801 GC heap after
{Heap after GC invocations=631 (full 5):
 PSYoungGen      total 23040K, used 1001K [0x00000000d5580000, 0x00000000d7680000, 0x0000000100000000)
  eden space 22016K, 0% used [0x00000000d5580000,0x00000000d5580000,0x00000000d6b00000)
  from space 1024K, 97% used [0x00000000d7580000,0x00000000d767a400,0x00000000d7680000)
  to   space 3072K, 0% used [0x00000000d7080000,0x00000000d7080000,0x00000000d7380000)
 ParOldGen       total 915968K, used 517249K [0x0000000080000000, 0x00000000b7e80000, 0x00000000d5580000)
  object space 915968K, 56% used [0x0000000080000000,0x000000009f920658,0x00000000b7e80000)
 Metaspace       used 81901K, committed 83904K, reserved 1179648K
  class space    used 8057K, committed 8960K, reserved 1048576K
}
Event: 2951.172 GC heap before
{Heap before GC invocations=632 (full 5):
 PSYoungGen      total 23040K, used 23017K [0x00000000d5580000, 0x00000000d7680000, 0x0000000100000000)
  eden space 22016K, 100% used [0x00000000d5580000,0x00000000d6b00000,0x00000000d6b00000)
  from space 1024K, 97% used [0x00000000d7580000,0x00000000d767a400,0x00000000d7680000)
  to   space 3072K, 0% used [0x00000000d7080000,0x00000000d7080000,0x00000000d7380000)
 ParOldGen       total 915968K, used 517249K [0x0000000080000000, 0x00000000b7e80000, 0x00000000d5580000)
  object space 915968K, 56% used [0x0000000080000000,0x000000009f920658,0x00000000b7e80000)
 Metaspace       used 81902K, committed 83904K, reserved 1179648K
  class space    used 8057K, committed 8960K, reserved 1048576K
}
Event: 2951.274 GC heap after
{Heap after GC invocations=632 (full 5):
 PSYoungGen      total 25088K, used 1769K [0x00000000d5580000, 0x00000000d7600000, 0x0000000100000000)
  eden space 22016K, 0% used [0x00000000d5580000,0x00000000d5580000,0x00000000d6b00000)
  from space 3072K, 57% used [0x00000000d7080000,0x00000000d723a400,0x00000000d7380000)
  to   space 2560K, 0% used [0x00000000d7380000,0x00000000d7380000,0x00000000d7600000)
 ParOldGen       total 915968K, used 518226K [0x0000000080000000, 0x00000000b7e80000, 0x00000000d5580000)
  object space 915968K, 56% used [0x0000000080000000,0x000000009fa14a68,0x00000000b7e80000)
 Metaspace       used 81902K, committed 83904K, reserved 1179648K
  class space    used 8057K, committed 8960K, reserved 1048576K
}
Event: 2951.500 GC heap before
{Heap before GC invocations=633 (full 5):
 PSYoungGen      total 25088K, used 23785K [0x00000000d5580000, 0x00000000d7600000, 0x0000000100000000)
  eden space 22016K, 100% used [0x00000000d5580000,0x00000000d6b00000,0x00000000d6b00000)
  from space 3072K, 57% used [0x00000000d7080000,0x00000000d723a400,0x00000000d7380000)
  to   space 2560K, 0% used [0x00000000d7380000,0x00000000d7380000,0x00000000d7600000)
 ParOldGen       total 915968K, used 518226K [0x0000000080000000, 0x00000000b7e80000, 0x00000000d5580000)
  object space 915968K, 56% used [0x0000000080000000,0x000000009fa14a68,0x00000000b7e80000)
 Metaspace       used 81954K, committed 83904K, reserved 1179648K
  class space    used 8057K, committed 8960K, reserved 1048576K
}
Event: 2951.507 GC heap after
{Heap after GC invocations=633 (full 5):
 PSYoungGen      total 24576K, used 2441K [0x00000000d5580000, 0x00000000d7600000, 0x0000000100000000)
  eden space 22016K, 0% used [0x00000000d5580000,0x00000000d5580000,0x00000000d6b00000)
  from space 2560K, 95% used [0x00000000d7380000,0x00000000d75e2570,0x00000000d7600000)
  to   space 3072K, 0% used [0x00000000d7000000,0x00000000d7000000,0x00000000d7300000)
 ParOldGen       total 915968K, used 519660K [0x0000000080000000, 0x00000000b7e80000, 0x00000000d5580000)
  object space 915968K, 56% used [0x0000000080000000,0x000000009fb7b278,0x00000000b7e80000)
 Metaspace       used 81954K, committed 83904K, reserved 1179648K
  class space    used 8057K, committed 8960K, reserved 1048576K
}
Event: 2953.233 GC heap before
{Heap before GC invocations=634 (full 5):
 PSYoungGen      total 24576K, used 24457K [0x00000000d5580000, 0x00000000d7600000, 0x0000000100000000)
  eden space 22016K, 100% used [0x00000000d5580000,0x00000000d6b00000,0x00000000d6b00000)
  from space 2560K, 95% used [0x00000000d7380000,0x00000000d75e2570,0x00000000d7600000)
  to   space 3072K, 0% used [0x00000000d7000000,0x00000000d7000000,0x00000000d7300000)
 ParOldGen       total 915968K, used 519660K [0x0000000080000000, 0x00000000b7e80000, 0x00000000d5580000)
  object space 915968K, 56% used [0x0000000080000000,0x000000009fb7b278,0x00000000b7e80000)
 Metaspace       used 81954K, committed 83904K, reserved 1179648K
  class space    used 8057K, committed 8960K, reserved 1048576K
}
Event: 2953.244 GC heap after
{Heap after GC invocations=634 (full 5):
 PSYoungGen      total 25088K, used 2569K [0x00000000d5580000, 0x00000000d7400000, 0x0000000100000000)
  eden space 22016K, 0% used [0x00000000d5580000,0x00000000d5580000,0x00000000d6b00000)
  from space 3072K, 83% used [0x00000000d7000000,0x00000000d72826c0,0x00000000d7300000)
  to   space 1024K, 0% used [0x00000000d7300000,0x00000000d7300000,0x00000000d7400000)
 ParOldGen       total 915968K, used 521882K [0x0000000080000000, 0x00000000b7e80000, 0x00000000d5580000)
  object space 915968K, 56% used [0x0000000080000000,0x000000009fda68e8,0x00000000b7e80000)
 Metaspace       used 81954K, committed 83904K, reserved 1179648K
  class space    used 8057K, committed 8960K, reserved 1048576K
}

Dll operation events (10 events):
Event: 0.012 Loaded shared library c:\Users\User\.vscode\extensions\redhat.java-1.54.0-win32-x64\jre\21.0.10-win32-x86_64\bin\java.dll
Event: 0.060 Loaded shared library c:\Users\User\.vscode\extensions\redhat.java-1.54.0-win32-x64\jre\21.0.10-win32-x86_64\bin\zip.dll
Event: 0.080 Loaded shared library C:\Users\User\.vscode\extensions\redhat.java-1.54.0-win32-x64\jre\21.0.10-win32-x86_64\bin\instrument.dll
Event: 0.084 Loaded shared library C:\Users\User\.vscode\extensions\redhat.java-1.54.0-win32-x64\jre\21.0.10-win32-x86_64\bin\net.dll
Event: 0.086 Loaded shared library C:\Users\User\.vscode\extensions\redhat.java-1.54.0-win32-x64\jre\21.0.10-win32-x86_64\bin\nio.dll
Event: 0.088 Loaded shared library C:\Users\User\.vscode\extensions\redhat.java-1.54.0-win32-x64\jre\21.0.10-win32-x86_64\bin\zip.dll
Event: 0.102 Loaded shared library C:\Users\User\.vscode\extensions\redhat.java-1.54.0-win32-x64\jre\21.0.10-win32-x86_64\bin\jimage.dll
Event: 0.183 Loaded shared library c:\Users\User\.vscode\extensions\redhat.java-1.54.0-win32-x64\jre\21.0.10-win32-x86_64\bin\verify.dll
Event: 3.147 Loaded shared library C:\Users\User\AppData\Roaming\Code\User\globalStorage\redhat.java\1.54.0\config_win\org.eclipse.equinox.launcher\org.eclipse.equinox.launcher.win32.win32.x86_64_1.3.0.v20260203-2149\eclipse_11919.dll
Event: 7.889 Loaded shared library C:\Users\User\AppData\Local\Temp\jna-2645995\jna1602359814275715313.dll

Deoptimization events (20 events):
Event: 2951.530 Thread 0x00000170e59d9190 DEOPT PACKING pc=0x000001708d9de63c sp=0x00000052df4fdd90
Event: 2951.530 Thread 0x00000170e59d9190 DEOPT UNPACKING pc=0x000001708cba3aa2 sp=0x00000052df4fdd18 mode 2
Event: 2951.530 Thread 0x00000170e59d9190 Uncommon trap: trap_request=0xffffffbe fr.pc=0x000001708d2cbb98 relative=0x0000000000000e78
Event: 2951.530 Thread 0x00000170e59d9190 Uncommon trap: reason=profile_predicate action=maybe_recompile pc=0x000001708d2cbb98 method=java.util.TimSort.gallopLeft(Ljava/lang/Object;[Ljava/lang/Object;IIILjava/util/Comparator;)I @ 62 c2
Event: 2951.530 Thread 0x00000170e59d9190 DEOPT PACKING pc=0x000001708d2cbb98 sp=0x00000052df4fdb90
Event: 2951.530 Thread 0x00000170e59d9190 DEOPT UNPACKING pc=0x000001708cba3aa2 sp=0x00000052df4fdb28 mode 2
Event: 2951.540 Thread 0x00000170e59d9190 Uncommon trap: trap_request=0xffffffc6 fr.pc=0x000001708e4ad8a8 relative=0x0000000000000448
Event: 2951.540 Thread 0x00000170e59d9190 Uncommon trap: reason=bimorphic_or_optimized_type_check action=maybe_recompile pc=0x000001708e4ad8a8 method=org.eclipse.jdt.internal.compiler.lookup.MethodBinding.signature(Lorg/eclipse/jdt/internal/compiler/ClassFile;)[C @ 178 c2
Event: 2951.540 Thread 0x00000170e59d9190 DEOPT PACKING pc=0x000001708e4ad8a8 sp=0x00000052df4fe7a0
Event: 2951.540 Thread 0x00000170e59d9190 DEOPT UNPACKING pc=0x000001708cba3aa2 sp=0x00000052df4fe710 mode 2
Event: 2953.214 Thread 0x00000170e57a1030 DEOPT PACKING pc=0x000001708635df57 sp=0x00000052e3dfe2c0
Event: 2953.214 Thread 0x00000170e57a1030 DEOPT UNPACKING pc=0x000001708cba4242 sp=0x00000052e3dfd7f0 mode 0
Event: 2953.221 Thread 0x00000170e57a6580 DEOPT PACKING pc=0x0000017087bab2c6 sp=0x00000052e18ff300
Event: 2953.221 Thread 0x00000170e57a6580 DEOPT UNPACKING pc=0x000001708cba4242 sp=0x00000052e18fe7f8 mode 0
Event: 2953.657 Thread 0x00000170e57a1030 Uncommon trap: trap_request=0xffffffbe fr.pc=0x000001708db253d8 relative=0x0000000000000db8
Event: 2953.657 Thread 0x00000170e57a1030 Uncommon trap: reason=profile_predicate action=maybe_recompile pc=0x000001708db253d8 method=java.util.TimSort.gallopLeft(Ljava/lang/Object;[Ljava/lang/Object;IIILjava/util/Comparator;)I @ 263 c2
Event: 2953.657 Thread 0x00000170e57a1030 DEOPT PACKING pc=0x000001708db253d8 sp=0x00000052e3dfd1b0
Event: 2953.657 Thread 0x00000170e57a1030 DEOPT UNPACKING pc=0x000001708cba3aa2 sp=0x00000052e3dfd148 mode 2
Event: 2953.798 Thread 0x00000170e57a1030 Uncommon trap: trap_request=0xffffff45 fr.pc=0x000001708e3850a0 relative=0x0000000000000ee0
Event: 2954.764 Thread 0x00000170e57a1030 Uncommon trap: reason=unstable_if action=reinterpret pc=0x000001708e3850a0 method=org.eclipse.jdt.internal.corext.fix.VariableDeclarationFixCore$WrittenNamesFinder.visit(Lorg/eclipse/jdt/core/dom/SimpleName;)Z @ 111 c2

Classes loaded (20 events):
Event: 2642.808 Loading class jdk/internal/module/IllegalAccessLogger
Event: 2642.808 Loading class jdk/internal/module/IllegalAccessLogger done
Event: 2656.747 Loading class jdk/internal/module/IllegalAccessLogger
Event: 2656.750 Loading class jdk/internal/module/IllegalAccessLogger done
Event: 2665.324 Loading class jdk/internal/module/IllegalAccessLogger
Event: 2665.324 Loading class jdk/internal/module/IllegalAccessLogger done
Event: 2673.396 Loading class jdk/internal/module/IllegalAccessLogger
Event: 2673.396 Loading class jdk/internal/module/IllegalAccessLogger done
Event: 2701.948 Loading class jdk/internal/module/IllegalAccessLogger
Event: 2701.950 Loading class jdk/internal/module/IllegalAccessLogger done
Event: 2718.148 Loading class jdk/internal/module/IllegalAccessLogger
Event: 2718.148 Loading class jdk/internal/module/IllegalAccessLogger done
Event: 2725.885 Loading class java/util/concurrent/ConcurrentHashMap$TreeNode
Event: 2725.906 Loading class java/util/concurrent/ConcurrentHashMap$TreeNode done
Event: 2725.907 Loading class java/util/concurrent/ConcurrentHashMap$TreeBin
Event: 2725.920 Loading class java/util/concurrent/ConcurrentHashMap$TreeBin done
Event: 2734.374 Loading class jdk/internal/module/IllegalAccessLogger
Event: 2734.374 Loading class jdk/internal/module/IllegalAccessLogger done
Event: 2754.063 Loading class jdk/internal/module/IllegalAccessLogger
Event: 2754.063 Loading class jdk/internal/module/IllegalAccessLogger done

Classes unloaded (20 events):
Event: 2669.885 Thread 0x0000017098f949f0 Unloading class 0x000001709a016400 'java/lang/invoke/LambdaForm$MH+0x000001709a016400'
Event: 2669.885 Thread 0x0000017098f949f0 Unloading class 0x000001709a00d800 'java/lang/invoke/LambdaForm$MH+0x000001709a00d800'
Event: 2669.886 Thread 0x0000017098f949f0 Unloading class 0x000001709a00d400 'java/lang/invoke/LambdaForm$MH+0x000001709a00d400'
Event: 2669.886 Thread 0x0000017098f949f0 Unloading class 0x000001709a00d000 'java/lang/invoke/LambdaForm$MH+0x000001709a00d000'
Event: 2669.886 Thread 0x0000017098f949f0 Unloading class 0x000001709a00cc00 'java/lang/invoke/LambdaForm$MH+0x000001709a00cc00'
Event: 2669.886 Thread 0x0000017098f949f0 Unloading class 0x000001709a00c800 'java/lang/invoke/LambdaForm$BMH+0x000001709a00c800'
Event: 2669.886 Thread 0x0000017098f949f0 Unloading class 0x000001709a00c000 'java/lang/invoke/LambdaForm$DMH+0x000001709a00c000'
Event: 2669.886 Thread 0x0000017098f949f0 Unloading class 0x000001709a008c00 'java/lang/invoke/LambdaForm$MH+0x000001709a008c00'
Event: 2669.886 Thread 0x0000017098f949f0 Unloading class 0x000001709a008800 'java/lang/invoke/LambdaForm$MH+0x000001709a008800'
Event: 2669.886 Thread 0x0000017098f949f0 Unloading class 0x000001709a008400 'java/lang/invoke/LambdaForm$MH+0x000001709a008400'
Event: 2669.886 Thread 0x0000017098f949f0 Unloading class 0x000001709a007000 'java/lang/invoke/LambdaForm$MH+0x000001709a007000'
Event: 2669.886 Thread 0x0000017098f949f0 Unloading class 0x000001709a006800 'java/lang/invoke/LambdaForm$MH+0x000001709a006800'
Event: 2669.886 Thread 0x0000017098f949f0 Unloading class 0x000001709a006400 'java/lang/invoke/LambdaForm$MH+0x000001709a006400'
Event: 2669.886 Thread 0x0000017098f949f0 Unloading class 0x000001709a006000 'java/lang/invoke/LambdaForm$MH+0x000001709a006000'
Event: 2669.886 Thread 0x0000017098f949f0 Unloading class 0x000001709a005c00 'java/lang/invoke/LambdaForm$BMH+0x000001709a005c00'
Event: 2669.886 Thread 0x0000017098f949f0 Unloading class 0x000001709a004800 'java/lang/invoke/LambdaForm$DMH+0x000001709a004800'
Event: 2669.886 Thread 0x0000017098f949f0 Unloading class 0x000001709a002800 'java/lang/invoke/LambdaForm$MH+0x000001709a002800'
Event: 2669.887 Thread 0x0000017098f949f0 Unloading class 0x000001709a002400 'java/lang/invoke/LambdaForm$MH+0x000001709a002400'
Event: 2669.887 Thread 0x0000017098f949f0 Unloading class 0x000001709a002000 'java/lang/invoke/LambdaForm$MH+0x000001709a002000'
Event: 2669.887 Thread 0x0000017098f949f0 Unloading class 0x000001709a001800 'java/lang/invoke/LambdaForm$MH+0x000001709a001800'

Classes redefined (0 events):
No events

Internal exceptions (20 events):
Event: 2591.874 Thread 0x00000170e1a59bb0 Exception <a 'sun/nio/fs/WindowsException'{0x00000000d58b25f8}> (0x00000000d58b25f8) 
thrown [s\src\hotspot\share\prims\jni.cpp, line 520]
Event: 2642.082 Thread 0x00000170e1a59bb0 Exception <a 'sun/nio/fs/WindowsException'{0x00000000d5bdf458}> (0x00000000d5bdf458) 
thrown [s\src\hotspot\share\prims\jni.cpp, line 520]
Event: 2642.396 Thread 0x00000170e1a59bb0 Exception <a 'sun/nio/fs/WindowsException'{0x00000000d58dddb8}> (0x00000000d58dddb8) 
thrown [s\src\hotspot\share\prims\jni.cpp, line 520]
Event: 2656.363 Thread 0x00000170e1a59bb0 Exception <a 'sun/nio/fs/WindowsException'{0x00000000d5646788}> (0x00000000d5646788) 
thrown [s\src\hotspot\share\prims\jni.cpp, line 520]
Event: 2656.665 Thread 0x00000170e1a59bb0 Exception <a 'sun/nio/fs/WindowsException'{0x00000000d558fb40}> (0x00000000d558fb40) 
thrown [s\src\hotspot\share\prims\jni.cpp, line 520]
Event: 2665.056 Thread 0x00000170e1a59bb0 Exception <a 'sun/nio/fs/WindowsException'{0x00000000d55ce2f8}> (0x00000000d55ce2f8) 
thrown [s\src\hotspot\share\prims\jni.cpp, line 520]
Event: 2665.666 Thread 0x00000170e1a59bb0 Exception <a 'sun/nio/fs/WindowsException'{0x00000000d58ded80}> (0x00000000d58ded80) 
thrown [s\src\hotspot\share\prims\jni.cpp, line 520]
Event: 2673.119 Thread 0x00000170e1a59bb0 Exception <a 'sun/nio/fs/WindowsException'{0x00000000d5ab9af8}> (0x00000000d5ab9af8) 
thrown [s\src\hotspot\share\prims\jni.cpp, line 520]
Event: 2673.387 Thread 0x00000170e1a59bb0 Exception <a 'sun/nio/fs/WindowsException'{0x00000000d58e5d20}> (0x00000000d58e5d20) 
thrown [s\src\hotspot\share\prims\jni.cpp, line 520]
Event: 2701.470 Thread 0x00000170e1a59bb0 Exception <a 'sun/nio/fs/WindowsException'{0x00000000d59a85f8}> (0x00000000d59a85f8) 
thrown [s\src\hotspot\share\prims\jni.cpp, line 520]
Event: 2701.869 Thread 0x00000170e1a59bb0 Exception <a 'sun/nio/fs/WindowsException'{0x00000000d5813db0}> (0x00000000d5813db0) 
thrown [s\src\hotspot\share\prims\jni.cpp, line 520]
Event: 2717.885 Thread 0x00000170e1a59bb0 Exception <a 'sun/nio/fs/WindowsException'{0x00000000d568eba8}> (0x00000000d568eba8) 
thrown [s\src\hotspot\share\prims\jni.cpp, line 520]
Event: 2718.205 Thread 0x00000170e1a59bb0 Exception <a 'sun/nio/fs/WindowsException'{0x00000000d5847cd0}> (0x00000000d5847cd0) 
thrown [s\src\hotspot\share\prims\jni.cpp, line 520]
Event: 2734.189 Thread 0x00000170e1a59bb0 Exception <a 'sun/nio/fs/WindowsException'{0x00000000d59a10c0}> (0x00000000d59a10c0) 
thrown [s\src\hotspot\share\prims\jni.cpp, line 520]
Event: 2734.970 Thread 0x00000170e1a59bb0 Exception <a 'sun/nio/fs/WindowsException'{0x00000000d5d068a0}> (0x00000000d5d068a0) 
thrown [s\src\hotspot\share\prims\jni.cpp, line 520]
Event: 2753.833 Thread 0x00000170e1a59bb0 Exception <a 'sun/nio/fs/WindowsException'{0x00000000d6169908}> (0x00000000d6169908) 
thrown [s\src\hotspot\share\prims\jni.cpp, line 520]
Event: 2754.054 Thread 0x00000170e1a59bb0 Exception <a 'sun/nio/fs/WindowsException'{0x00000000d58fafd0}> (0x00000000d58fafd0) 
thrown [s\src\hotspot\share\prims\jni.cpp, line 520]
Event: 2779.286 Thread 0x00000170e59dcca0 Exception <a 'sun/nio/fs/WindowsException'{0x00000000d5d67038}> (0x00000000d5d67038) 
thrown [s\src\hotspot\share\prims\jni.cpp, line 520]
Event: 2875.137 Thread 0x00000170e59d7de0 Exception <a 'sun/nio/fs/WindowsException'{0x00000000d5b1d920}> (0x00000000d5b1d920) 
thrown [s\src\hotspot\share\prims\jni.cpp, line 520]
Event: 2875.141 Thread 0x00000170e59d7de0 Exception <a 'sun/nio/fs/WindowsException'{0x00000000d5b1e208}> (0x00000000d5b1e208) 
thrown [s\src\hotspot\share\prims\jni.cpp, line 520]

ZGC Phase Switch (0 events):
No events

VM Operations (20 events):
Event: 2894.202 Executing safepoint VM operation: ParallelGCFailedAllocation (Allocation Failure) done
Event: 2895.214 Executing safepoint VM operation: Cleanup
Event: 2895.214 Executing safepoint VM operation: Cleanup done
Event: 2905.794 Executing safepoint VM operation: ParallelGCFailedAllocation (Allocation Failure)
Event: 2905.801 Executing safepoint VM operation: ParallelGCFailedAllocation (Allocation Failure) done
Event: 2946.631 Executing non-safepoint VM operation: HandshakeAllThreads (HandshakeForDeflation)
Event: 2946.631 Executing non-safepoint VM operation: HandshakeAllThreads (HandshakeForDeflation) done
Event: 2946.632 Executing non-safepoint VM operation: RendezvousGCThreads
Event: 2946.632 Executing non-safepoint VM operation: RendezvousGCThreads done
Event: 2950.668 Executing safepoint VM operation: Cleanup
Event: 2950.669 Executing safepoint VM operation: Cleanup done
Event: 2951.171 Executing safepoint VM operation: ParallelGCFailedAllocation (Allocation Failure)
Event: 2951.274 Executing safepoint VM operation: ParallelGCFailedAllocation (Allocation Failure) done
Event: 2951.499 Executing safepoint VM operation: ParallelGCFailedAllocation (Allocation Failure)
Event: 2951.508 Executing safepoint VM operation: ParallelGCFailedAllocation (Allocation Failure) done
Event: 2952.508 Executing safepoint VM operation: Cleanup
Event: 2952.508 Executing safepoint VM operation: Cleanup done
Event: 2953.233 Executing safepoint VM operation: ParallelGCFailedAllocation (Allocation Failure)
Event: 2953.244 Executing safepoint VM operation: ParallelGCFailedAllocation (Allocation Failure) done
Event: 2954.245 Executing safepoint VM operation: Cleanup

Memory protections (0 events):
No events

Nmethod flushes (20 events):
Event: 2670.778 Thread 0x0000017098f949f0 flushing  nmethod 0x0000017087a0ad10
Event: 2670.778 Thread 0x0000017098f949f0 flushing  nmethod 0x0000017087a44b90
Event: 2670.778 Thread 0x0000017098f949f0 flushing  nmethod 0x0000017087a4a510
Event: 2670.778 Thread 0x0000017098f949f0 flushing  nmethod 0x0000017087ac9990
Event: 2670.778 Thread 0x0000017098f949f0 flushing  nmethod 0x0000017087ad3010
Event: 2670.778 Thread 0x0000017098f949f0 flushing  nmethod 0x0000017087ad6b10
Event: 2670.778 Thread 0x0000017098f949f0 flushing  nmethod 0x0000017087ad7e10
Event: 2670.778 Thread 0x0000017098f949f0 flushing  nmethod 0x0000017087add890
Event: 2670.778 Thread 0x0000017098f949f0 flushing  nmethod 0x0000017087ae0c10
Event: 2670.778 Thread 0x0000017098f949f0 flushing  nmethod 0x0000017087af1110
Event: 2670.778 Thread 0x0000017098f949f0 flushing  nmethod 0x0000017087af6790
Event: 2670.778 Thread 0x0000017098f949f0 flushing  nmethod 0x0000017087af9690
Event: 2670.778 Thread 0x0000017098f949f0 flushing  nmethod 0x0000017087af9990
Event: 2670.778 Thread 0x0000017098f949f0 flushing  nmethod 0x0000017087afcd10
Event: 2670.778 Thread 0x0000017098f949f0 flushing  nmethod 0x0000017087b02b90
Event: 2670.778 Thread 0x0000017098f949f0 flushing  nmethod 0x0000017087b2ee10
Event: 2670.778 Thread 0x0000017098f949f0 flushing  nmethod 0x0000017087b39610
Event: 2670.778 Thread 0x0000017098f949f0 flushing  nmethod 0x0000017087b3e490
Event: 2670.778 Thread 0x0000017098f949f0 flushing  nmethod 0x0000017087b42c90
Event: 2670.778 Thread 0x0000017098f949f0 flushing  nmethod 0x0000017087b42f90

Events (20 events):
Event: 2695.999 Thread 0x00000170e5fbb330 Thread exited: 0x00000170e5fbb330
Event: 2713.411 Thread 0x00000170db6a49d0 Thread added: 0x00000170e57a1030
Event: 2754.091 Thread 0x00000170db5d4050 Thread added: 0x00000170e5fbb330
Event: 2760.060 Thread 0x00000170e5fbb330 Thread exited: 0x00000170e5fbb330
Event: 2808.606 Thread 0x00000170e59dbf80 Thread exited: 0x00000170e59dbf80
Event: 2814.097 Thread 0x00000170db6a2900 Thread exited: 0x00000170db6a2900
Event: 2828.080 Thread 0x00000170e59dc610 Thread exited: 0x00000170e59dc610
Event: 2868.604 Thread 0x00000170db6a49d0 Thread exited: 0x00000170db6a49d0
Event: 2875.069 Thread 0x00000170e59d7de0 Thread added: 0x00000170e57a5860
Event: 2875.082 Thread 0x00000170e57a5860 Thread exited: 0x00000170e57a5860
Event: 2875.153 Thread 0x00000170e59d7de0 Thread added: 0x00000170e57a6580
Event: 2875.153 Thread 0x00000170e57a6580 Thread exited: 0x00000170e57a6580
Event: 2891.844 Thread 0x00000170e59dd330 Thread exited: 0x00000170e59dd330
Event: 2928.606 Thread 0x00000170db6a4340 Thread exited: 0x00000170db6a4340
Event: 2942.571 Thread 0x00000170e59de050 Thread exited: 0x00000170e59de050
Event: 2951.525 Thread 0x00000170db5d4050 Thread added: 0x00000170e5fbce70
Event: 2953.192 Thread 0x00000170e57a23e0 Thread added: 0x00000170e57a6580
Event: 2953.193 Thread 0x00000170e57a1030 Thread added: 0x00000170e57a6c10
Event: 2953.640 Thread 0x00000170e5fbce70 Thread exited: 0x00000170e5fbce70
Event: 2953.647 Thread 0x00000170db5d4050 Thread added: 0x00000170e5fbba00


Dynamic libraries:
0x00007ff6f72c0000 - 0x00007ff6f72ce000 	c:\Users\User\.vscode\extensions\redhat.java-1.54.0-win32-x64\jre\21.0.10-win32-x86_64\bin\java.exe
0x00007ffa89660000 - 0x00007ffa898c7000 	C:\WINDOWS\SYSTEM32\ntdll.dll
0x00007ffa87660000 - 0x00007ffa87729000 	C:\WINDOWS\System32\KERNEL32.DLL
0x00007ffa86fe0000 - 0x00007ffa873d7000 	C:\WINDOWS\System32\KERNELBASE.dll
0x00007ffa86c20000 - 0x00007ffa86d6b000 	C:\WINDOWS\System32\ucrtbase.dll
0x00007ffa7dad0000 - 0x00007ffa7daee000 	c:\Users\User\.vscode\extensions\redhat.java-1.54.0-win32-x64\jre\21.0.10-win32-x86_64\bin\VCRUNTIME140.dll
0x00007ffa7daf0000 - 0x00007ffa7db08000 	c:\Users\User\.vscode\extensions\redhat.java-1.54.0-win32-x64\jre\21.0.10-win32-x86_64\bin\jli.dll
0x00007ffa89400000 - 0x00007ffa895c6000 	C:\WINDOWS\System32\USER32.dll
0x00007ffa86d70000 - 0x00007ffa86d97000 	C:\WINDOWS\System32\win32u.dll
0x00007ffa87500000 - 0x00007ffa8752b000 	C:\WINDOWS\System32\GDI32.dll
0x00007ffa86140000 - 0x00007ffa8626c000 	C:\WINDOWS\System32\gdi32full.dll
0x00007ffa86090000 - 0x00007ffa86133000 	C:\WINDOWS\System32\msvcp_win.dll
0x00007ffa5aa30000 - 0x00007ffa5acc2000 	C:\WINDOWS\WinSxS\amd64_microsoft.windows.common-controls_6595b64144ccf1df_6.0.26100.8457_none_3e0b2faee331e92d\COMCTL32.dll
0x00007ffa88430000 - 0x00007ffa884d9000 	C:\WINDOWS\System32\msvcrt.dll
0x00007ffa88fb0000 - 0x00007ffa88fe2000 	C:\WINDOWS\System32\IMM32.DLL
0x00007ffa809e0000 - 0x00007ffa809ec000 	c:\Users\User\.vscode\extensions\redhat.java-1.54.0-win32-x64\jre\21.0.10-win32-x86_64\bin\vcruntime140_1.dll
0x00007ffa73240000 - 0x00007ffa732cd000 	c:\Users\User\.vscode\extensions\redhat.java-1.54.0-win32-x64\jre\21.0.10-win32-x86_64\bin\msvcp140.dll
0x00007ffa1a0a0000 - 0x00007ffa1ae41000 	c:\Users\User\.vscode\extensions\redhat.java-1.54.0-win32-x64\jre\21.0.10-win32-x86_64\bin\server\jvm.dll
0x00007ffa88e50000 - 0x00007ffa88f06000 	C:\WINDOWS\System32\ADVAPI32.dll
0x00007ffa87830000 - 0x00007ffa878d7000 	C:\WINDOWS\System32\sechost.dll
0x00007ffa873e0000 - 0x00007ffa874f8000 	C:\WINDOWS\System32\RPCRT4.dll
0x00007ffa87530000 - 0x00007ffa875b0000 	C:\WINDOWS\System32\WS2_32.dll
0x00007ffa84c50000 - 0x00007ffa84cae000 	C:\WINDOWS\SYSTEM32\POWRPROF.dll
0x00007ffa83340000 - 0x00007ffa83376000 	C:\WINDOWS\SYSTEM32\WINMM.dll
0x00007ffa7d750000 - 0x00007ffa7d75b000 	C:\WINDOWS\SYSTEM32\VERSION.dll
0x00007ffa84c30000 - 0x00007ffa84c44000 	C:\WINDOWS\SYSTEM32\UMPDC.dll
0x00007ffa84f00000 - 0x00007ffa84f1b000 	C:\WINDOWS\SYSTEM32\kernel.appcore.dll
0x00007ffa7ff30000 - 0x00007ffa7ff3a000 	c:\Users\User\.vscode\extensions\redhat.java-1.54.0-win32-x64\jre\21.0.10-win32-x86_64\bin\jimage.dll
0x00007ffa83ec0000 - 0x00007ffa84102000 	C:\WINDOWS\SYSTEM32\DBGHELP.DLL
0x00007ffa88ff0000 - 0x00007ffa89373000 	C:\WINDOWS\System32\combase.dll
0x00007ffa88d50000 - 0x00007ffa88e29000 	C:\WINDOWS\System32\OLEAUT32.dll
0x00007ffa800d0000 - 0x00007ffa8010b000 	C:\WINDOWS\SYSTEM32\dbgcore.DLL
0x00007ffa86300000 - 0x00007ffa863a8000 	C:\WINDOWS\System32\bcryptPrimitives.dll
0x00007ffa7f340000 - 0x00007ffa7f34f000 	c:\Users\User\.vscode\extensions\redhat.java-1.54.0-win32-x64\jre\21.0.10-win32-x86_64\bin\instrument.dll
0x00007ffa7cc10000 - 0x00007ffa7cc30000 	c:\Users\User\.vscode\extensions\redhat.java-1.54.0-win32-x64\jre\21.0.10-win32-x86_64\bin\java.dll
0x00007ffa884e0000 - 0x00007ffa88c4e000 	C:\WINDOWS\System32\SHELL32.dll
0x00007ffa863b0000 - 0x00007ffa86c1c000 	C:\WINDOWS\System32\windows.storage.dll
0x00007ffa87730000 - 0x00007ffa87826000 	C:\WINDOWS\System32\SHCORE.dll
0x00007ffa875c0000 - 0x00007ffa87626000 	C:\WINDOWS\System32\shlwapi.dll
0x00007ffa85fb0000 - 0x00007ffa85fd9000 	C:\WINDOWS\SYSTEM32\profapi.dll
0x00007ffa7ca90000 - 0x00007ffa7caa8000 	c:\Users\User\.vscode\extensions\redhat.java-1.54.0-win32-x64\jre\21.0.10-win32-x86_64\bin\zip.dll
0x00007ffa7da70000 - 0x00007ffa7da80000 	C:\Users\User\.vscode\extensions\redhat.java-1.54.0-win32-x64\jre\21.0.10-win32-x86_64\bin\net.dll
0x00007ffa7e620000 - 0x00007ffa7e749000 	C:\WINDOWS\SYSTEM32\WINHTTP.dll
0x00007ffa85450000 - 0x00007ffa854bc000 	C:\WINDOWS\system32\mswsock.dll
0x00007ffa73780000 - 0x00007ffa73796000 	C:\Users\User\.vscode\extensions\redhat.java-1.54.0-win32-x64\jre\21.0.10-win32-x86_64\bin\nio.dll
0x00007ffa7ca80000 - 0x00007ffa7ca90000 	c:\Users\User\.vscode\extensions\redhat.java-1.54.0-win32-x64\jre\21.0.10-win32-x86_64\bin\verify.dll
0x00007ffa731f0000 - 0x00007ffa73235000 	C:\Users\User\AppData\Roaming\Code\User\globalStorage\redhat.java\1.54.0\config_win\org.eclipse.equinox.launcher\org.eclipse.equinox.launcher.win32.win32.x86_64_1.3.0.v20260203-2149\eclipse_11919.dll
0x00007ffa87f60000 - 0x00007ffa880f7000 	C:\WINDOWS\System32\ole32.dll
0x00007ffa85850000 - 0x00007ffa8586b000 	C:\WINDOWS\SYSTEM32\CRYPTSP.dll
0x00007ffa84e60000 - 0x00007ffa84e99000 	C:\WINDOWS\system32\rsaenh.dll
0x00007ffa85500000 - 0x00007ffa85533000 	C:\WINDOWS\SYSTEM32\USERENV.dll
0x00007ffa85f80000 - 0x00007ffa85faa000 	C:\WINDOWS\SYSTEM32\bcrypt.dll
0x00007ffa856b0000 - 0x00007ffa856bc000 	C:\WINDOWS\SYSTEM32\CRYPTBASE.dll
0x00007ffa848b0000 - 0x00007ffa848e2000 	C:\WINDOWS\SYSTEM32\IPHLPAPI.DLL
0x00007ffa87f50000 - 0x00007ffa87f5a000 	C:\WINDOWS\System32\NSI.dll
0x00007ffa27890000 - 0x00007ffa278d9000 	C:\Users\User\AppData\Local\Temp\jna-2645995\jna1602359814275715313.dll
0x00007ffa88fa0000 - 0x00007ffa88fa8000 	C:\WINDOWS\System32\PSAPI.DLL
0x00007ffa7e8f0000 - 0x00007ffa7e90d000 	C:\WINDOWS\SYSTEM32\dhcpcsvc6.DLL
0x00007ffa7e8c0000 - 0x00007ffa7e8e5000 	C:\WINDOWS\SYSTEM32\dhcpcsvc.DLL
0x00007ffa85020000 - 0x00007ffa85056000 	C:\WINDOWS\SYSTEM32\ntmarta.dll

JVMTI agents:
c:\Users\User\.vscode\extensions\redhat.java-1.54.0-win32-x64\lombok\lombok-1.18.39-4050.jar path:c:\Users\User\.vscode\extensions\redhat.java-1.54.0-win32-x64\jre\21.0.10-win32-x86_64\bin\instrument.dll, loaded, initialized, instrumentlib options:none

dbghelp: loaded successfully - version: 4.0.5 - missing functions: none
symbol engine: initialized successfully - sym options: 0x614 - pdb path: .;c:\Users\User\.vscode\extensions\redhat.java-1.54.0-win32-x64\jre\21.0.10-win32-x86_64\bin;C:\WINDOWS\SYSTEM32;C:\WINDOWS\WinSxS\amd64_microsoft.windows.common-controls_6595b64144ccf1df_6.0.26100.8457_none_3e0b2faee331e92d;c:\Users\User\.vscode\extensions\redhat.java-1.54.0-win32-x64\jre\21.0.10-win32-x86_64\bin\server;C:\Users\User\AppData\Roaming\Code\User\globalStorage\redhat.java\1.54.0\config_win\org.eclipse.equinox.launcher\org.eclipse.equinox.launcher.win32.win32.x86_64_1.3.0.v20260203-2149;C:\Users\User\AppData\Local\Temp\jna-2645995

VM Arguments:
jvm_args: --add-modules=ALL-SYSTEM --add-opens=java.base/java.util=ALL-UNNAMED --add-opens=java.base/java.lang=ALL-UNNAMED --add-opens=java.base/sun.nio.fs=ALL-UNNAMED -Declipse.application=org.eclipse.jdt.ls.core.id1 -Dosgi.bundles.defaultStartLevel=4 -Declipse.product=org.eclipse.jdt.ls.core.product -Djava.import.generatesMetadataFilesAtProjectRoot=false -DDetectVMInstallationsJob.disabled=true -Dfile.encoding=utf8 -XX:+UseParallelGC -XX:GCTimeRatio=4 -XX:AdaptiveSizePolicyWeight=90 -Dsun.zip.disableMemoryMapping=true -Xmx2G -Xms100m -Xlog:disable -javaagent:c:\Users\User\.vscode\extensions\redhat.java-1.54.0-win32-x64\lombok\lombok-1.18.39-4050.jar -XX:+HeapDumpOnOutOfMemoryError -XX:HeapDumpPath=c:\Users\User\AppData\Roaming\Code\User\workspaceStorage\28a83bfb09dcc60516987655fec6d5e9\redhat.java -Daether.dependencyCollector.impl=bf 
java_command: c:\Users\User\.vscode\extensions\redhat.java-1.54.0-win32-x64\server\plugins\org.eclipse.equinox.launcher_1.7.100.v20251111-0406.jar -configuration c:\Users\User\AppData\Roaming\Code\User\globalStorage\redhat.java\1.54.0\config_win -data c:\Users\User\AppData\Roaming\Code\User\workspaceStorage\28a83bfb09dcc60516987655fec6d5e9\redhat.java\jdt_ws --pipe=\\.\pipe\lsp-f1fb49f28f3b5162dd1047ae2321e0a1-sock
java_class_path (initial): c:\Users\User\.vscode\extensions\redhat.java-1.54.0-win32-x64\server\plugins\org.eclipse.equinox.launcher_1.7.100.v20251111-0406.jar
Launcher Type: SUN_STANDARD

[Global flags]
    uintx AdaptiveSizePolicyWeight                 = 90                                        {product} {command line}
     intx CICompilerCount                          = 12                                        {product} {ergonomic}
    uintx GCTimeRatio                              = 4                                         {product} {command line}
     bool HeapDumpOnOutOfMemoryError               = true                                   {manageable} {command line}
    ccstr HeapDumpPath                             = c:\Users\User\AppData\Roaming\Code\User\workspaceStorage\28a83bfb09dcc60516987655fec6d5e9\redhat.java         {manageable} {command line}
   size_t InitialHeapSize                          = 104857600                                 {product} {command line}
   size_t MaxHeapSize                              = 2147483648                                {product} {command line}
   size_t MaxNewSize                               = 715653120                                 {product} {ergonomic}
   size_t MinHeapDeltaBytes                        = 524288                                    {product} {ergonomic}
   size_t MinHeapSize                              = 104857600                                 {product} {command line}
   size_t NewSize                                  = 34603008                                  {product} {ergonomic}
    uintx NonNMethodCodeHeapSize                   = 7602480                                {pd product} {ergonomic}
    uintx NonProfiledCodeHeapSize                  = 122027880                              {pd product} {ergonomic}
   size_t OldSize                                  = 70254592                                  {product} {ergonomic}
    uintx ProfiledCodeHeapSize                     = 122027880                              {pd product} {ergonomic}
    uintx ReservedCodeCacheSize                    = 251658240                              {pd product} {ergonomic}
     bool SegmentedCodeCache                       = true                                      {product} {ergonomic}
   size_t SoftMaxHeapSize                          = 2147483648                             {manageable} {ergonomic}
     bool UseCompressedOops                        = true                           {product lp64_product} {ergonomic}
     bool UseLargePagesIndividualAllocation        = false                                  {pd product} {ergonomic}
     bool UseParallelGC                            = true                                      {product} {command line}

Logging:
Log output configuration:
 #0: stdout all=off uptime,level,tags foldmultilines=false
 #1: stderr all=off uptime,level,tags foldmultilines=false

Release file:
JAVA_VERSION="21.0.10" 
MODULES="java.base java.compiler java.datatransfer java.xml java.prefs java.desktop java.instrument java.logging java.management java.security.sasl java.naming java.rmi java.management.rmi java.net.http java.scripting java.security.jgss java.transaction.xa java.sql java.sql.rowset java.xml.crypto java.se java.smartcardio jdk.accessibility jdk.internal.jvmstat jdk.attach jdk.charsets jdk.internal.opt jdk.zipfs jdk.compiler jdk.crypto.ec jdk.crypto.cryptoki jdk.crypto.mscapi jdk.dynalink jdk.internal.ed jdk.editpad jdk.hotspot.agent jdk.httpserver jdk.internal.le jdk.internal.vm.ci jdk.internal.vm.compiler jdk.internal.vm.compiler.management jdk.jartool jdk.javadoc jdk.jcmd jdk.management jdk.management.agent jdk.jconsole jdk.jdeps jdk.jdwp.agent jdk.jdi jdk.jfr jdk.jshell jdk.jsobject jdk.jstatd jdk.localedata jdk.management.jfr jdk.naming.dns jdk.naming.rmi jdk.net jdk.nio.mapmode jdk.random jdk.sctp jdk.security.auth jdk.security.jgss jdk.unsupported jdk.unsupported.desktop jdk.xml.dom" 

Environment Variables:
JAVA_HOME=C:\Program Files\Java\jdk-25.0.2
PATH=C:\Users\User\AppData\Local\Programs\Microsoft VS Code;C:\Program Files\Common Files\Oracle\Java\javapath;C:\WINDOWS\system32;C:\WINDOWS;C:\WINDOWS\System32\Wbem;C:\WINDOWS\System32\WindowsPowerShell\v1.0\;C:\WINDOWS\System32\OpenSSH\;C:\Program Files\dotnet\;C:\Program Files (x86)\NVIDIA Corporation\PhysX\Common;C:\Program Files\Git\cmd;C:\Supabase;C:\Program Files (x86)\Windows Kits\10\Windows Performance Toolkit\;C:\WINDOWS\system32;C:\WINDOWS;C:\WINDOWS\System32\Wbem;C:\WINDOWS\System32\WindowsPowerShell\v1.0\;C:\WINDOWS\System32\OpenSSH\;C:\Program Files\k6\;C:\Program Files\Docker\Docker\resources\bin;C:\Program Files\nodejs\;C:\Users\User\AppData\Local\Programs\Python\Python313\Scripts\;C:\Users\User\AppData\Local\Programs\Python\Python313\;C:\Users\User\AppData\Local\Programs\Python\Launcher\;C:\Users\User\.local\bin;C:\Users\User\scoop\shims;C:\Program Files\MySQL\MySQL Shell 8.0\bin\;C:\Users\User\AppData\Local\Microsoft\WindowsApps;C:\Program Files\Java\jdk-25.0.2;C:\Program Files\Maven\apache-maven-3.9.11\bin;C:\Users\User\.dotnet\tools;C:\Users\User\AppData\Local\Programs\Microsoft VS Code\bin;C:\Users\User\.deno\bin;C:\Users\User\.dotnet\tools;C:\develop\flutter\bin;C:\Users\User\AppData\Local\Microsoft\WindowsApps;C:\Users\User\.local\bin;C:\Users\User\AppData\Roaming\npm
USERNAME=User
OS=Windows_NT
PROCESSOR_IDENTIFIER=Intel64 Family 6 Model 183 Stepping 1, GenuineIntel
TMP=C:\Users\User\AppData\Local\Temp
TEMP=C:\Users\User\AppData\Local\Temp




Periodic native trim disabled

---------------  S Y S T E M  ---------------

OS:
 Windows 11 , 64 bit Build 26100 (10.0.26100.8328)
OS uptime: 0 days 6:51 hours
Hyper-V role detected

CPU: total 16 (initial active 16) (8 cores per cpu, 2 threads per core) family 6 model 183 stepping 1 microcode 0x133, cx8, cmov, fxsr, ht, mmx, 3dnowpref, sse, sse2, sse3, ssse3, sse4.1, sse4.2, popcnt, lzcnt, tsc, tscinvbit, avx, avx2, aes, erms, clmul, bmi1, bmi2, adx, sha, fma, vzeroupper, clflush, clflushopt, clwb, hv, serialize, rdtscp, rdpid, fsrm, f16c, cet_ibt, cet_ss
Processor Information for processor 0
  Max Mhz: 2400, Current Mhz: 2400, Mhz Limit: 2400
Processor Information for processor 1
  Max Mhz: 2400, Current Mhz: 2400, Mhz Limit: 2400
Processor Information for processor 2
  Max Mhz: 2400, Current Mhz: 2400, Mhz Limit: 2400
Processor Information for processor 3
  Max Mhz: 2400, Current Mhz: 2400, Mhz Limit: 2400
Processor Information for processor 4
  Max Mhz: 2400, Current Mhz: 2400, Mhz Limit: 2400
Processor Information for processor 5
  Max Mhz: 2400, Current Mhz: 2400, Mhz Limit: 2400
Processor Information for processor 6
  Max Mhz: 2400, Current Mhz: 2400, Mhz Limit: 2400
Processor Information for processor 7
  Max Mhz: 2400, Current Mhz: 2400, Mhz Limit: 2400
Processor Information for processor 8
  Max Mhz: 2400, Current Mhz: 2400, Mhz Limit: 2400
Processor Information for processor 9
  Max Mhz: 2400, Current Mhz: 2400, Mhz Limit: 2400
Processor Information for processor 10
  Max Mhz: 2400, Current Mhz: 2400, Mhz Limit: 2400
Processor Information for processor 11
  Max Mhz: 2400, Current Mhz: 2400, Mhz Limit: 2400
Processor Information for processor 12
  Max Mhz: 2400, Current Mhz: 1466, Mhz Limit: 2400
Processor Information for processor 13
  Max Mhz: 2400, Current Mhz: 1466, Mhz Limit: 2400
Processor Information for processor 14
  Max Mhz: 2400, Current Mhz: 1466, Mhz Limit: 2400
Processor Information for processor 15
  Max Mhz: 2400, Current Mhz: 1466, Mhz Limit: 2400

Memory: 4k page, system-wide physical 7876M (610M free)
TotalPageFile size 32452M (AvailPageFile size 2M)
current process WorkingSet (physical memory assigned to process): 184M, peak: 644M
current process commit charge ("private bytes"): 1329M, peak: 1368M

vm_info: OpenJDK 64-Bit Server VM (21.0.10+7-LTS) for windows-amd64 JRE (21.0.10+7-LTS), built on 2026-01-20T00:00:00Z by "admin" with MS VC++ 17.12 (VS2022)

END.
